[backblue.gif]
[fade.gif]
[index.html]
[www.ccim.be/ccim328/index.html]
[www.ccim.be/ccim328/bgnew.html]
[www.ccim.be/ccim328/titrenew.html]
[www.ccim.be/ccim328/bgnew.gif]
[www.ccim.be/ccim328/html/index.htm]
[www.ccim.be/ccim328/Htmlplus/index.htm]
[www.ccim.be/ccim328/Htmlplus/idxform.htm]
[www.ccim.be/ccim328/Htmlplus/idxmeta.htm]
[www.ccim.be/ccim328/Htmlplus/idxmap.htm]
[www.ccim.be/ccim328/Htmlplus/idxstyle.htm]
[www.ccim.be/ccim328/Htmlplus/idxdhtml.htm]
[www.ccim.be/ccim328/html/1heure.htm]
[www.ccim.be/ccim328/faq/index.htm]
[www.ccim.be/ccim328/js/index.htm]
[www.ccim.be/ccim328/vb/index.htm]
[www.ccim.be/ccim328/archi/index.htm]
[www.ccim.be/ccim328/trucs/index.htm]
[www.ccim.be/ccim328/new1.gif]
[www.ccim.be/ccim328/xml/index.html]
[www.ccim.be/ccim328/xhtml/index.html]
[www.ccim.be/ccim328/PubHtml.gif]
[www.ccim.be/ccim328/wap/index.html]
[www.ccim.be/ccim328/bgtitre.gif]
[www.ccim.be/ccim328/html/index.html]
[www.ccim.be/ccim328/WAP.gif]
[www.ccim.be/ccim328/xsl/index.html]
[www.ccim.be/ccim328/NEW.gif]
[www.ccim.be/ccim328/BARRE.gif]
[www.ccim.be/ccim328/site/index.htm]
[www.ccim.be/ccim328/htmlplus/idxcompt.htm]
[www.ccim.be/ccim328/xml/index.htm]
[www.ccim.be/ccim328/xhtml/index.htm]
[www.ccim.be/ccim328/wap/index.htm]
[www.ccim.be/ccim328/go.gif]
[www.ccim.be/ccim328/plan/index.htm]
[www.ccim.be/ccim328/html/tabmat.htm]
[www.ccim.be/ccim328/html/present.htm]
[www.ccim.be/ccim328/Htmlplus/tbcompte.htm]
[www.ccim.be/ccim328/Htmlplus/presenta.htm]
[www.ccim.be/ccim328/html/BGPAGE.gif]
[www.ccim.be/ccim328/html/home.gif]
[www.ccim.be/ccim328/html/NEW.gif]
[www.ccim.be/ccim328/html/arrowup.gif]
[www.ccim.be/ccim328/html/line1.gif]
[www.ccim.be/ccim328/html/paragraf.gif]
[www.ccim.be/ccim328/Htmlplus/tbform.htm]
[www.ccim.be/ccim328/Htmlplus/tbmeta.htm]
[www.ccim.be/ccim328/html/DREAM.gif]
[www.ccim.be/ccim328/Htmlplus/tbmap.htm]
[www.ccim.be/ccim328/Htmlplus/tbstyle.htm]
[www.ccim.be/ccim328/Htmlplus/tbdhtml.htm]
[www.ccim.be/ccim328/html/site.htm]
[www.ccim.be/ccim328/html/dreamweaver/dream.html]
[www.ccim.be/ccim328/html/FP2000.gif]
[www.ccim.be/ccim328/download/dreamweaver.pdf]
[www.ccim.be/ccim328/html/fp2000/fp2000.html]
[www.ccim.be/ccim328/html/dreamweaver/dreamweaver.zip]
[www.ccim.be/ccim328/html/fp2000/frontpage2000.zip]
[www.ccim.be/ccim328/download/frontpage2000.pdf]
[www.ccim.be/ccim328/html/WEBEXP.gif]
[www.ccim.be/ccim328/html/GOLIVE.gif]
[www.ccim.be/ccim328/html/webexpert/WebExpert.zip]
[www.ccim.be/ccim328/download/webexpert.pdf]
[www.ccim.be/ccim328/html/golive/GoLive.zip]
[www.ccim.be/ccim328/html/webexpert/webexpert.html]
[www.ccim.be/ccim328/html/golive/golive.html]
[www.ccim.be/ccim328/download/golive.pdf]
[www.ccim.be/ccim328/html/NAMO.gif]
[www.ccim.be/ccim328/html/namo/namo.zip]
[www.ccim.be/ccim328/download/namo.pdf]
[www.ccim.be/ccim328/html/FRPXPRES.gif]
[www.ccim.be/ccim328/html/COMP.gif]
[www.ccim.be/ccim328/faq/MENUFAQ.gif]
[www.ccim.be/ccim328/faq/FAQHTML.gif]
[www.ccim.be/ccim328/faq/logohtml.gif]
[www.ccim.be/ccim328/trucs/BGPAGE1.gif]
[www.ccim.be/ccim328/trucs/PUBHTM.gif]
[www.ccim.be/ccim328/trucs/SMALL.gif]
[www.ccim.be/ccim328/html/namo/namo.html]
[www.ccim.be/ccim328/trucs/new1.gif]
[www.ccim.be/ccim328/trucs/dynamic.gif]
[www.ccim.be/ccim328/trucs/SHOCK.gif]
[www.ccim.be/ccim328/trucs/logo24fun.gif]
[www.ccim.be/ccim328/trucs/abstract.gif]
[www.ccim.be/ccim328/html/fpxpress/frontpx.htm]
[www.ccim.be/ccim328/html/composer/compos.htm]
[www.ccim.be/ccim328/html/fpxpress/fpxpress.zip]
[www.ccim.be/ccim328/faq/tablist.html]
[www.ccim.be/ccim328/faq/imagelist.html]
[www.ccim.be/ccim328/faq/frameslist.html]
[www.ccim.be/ccim328/faq/formlist.html]
[www.ccim.be/ccim328/faq/diverslist.html]
[www.ccim.be/ccim328/index.htm]
[www.ccim.be/ccim328/faq/auteur.htm]
[www.ccim.be/ccim328/plan/BGPAGE.gif]
[www.ccim.be/ccim328/plan/home.gif]
[www.ccim.be/ccim328/plan/BARRE.gif]
[www.ccim.be/ccim328/plan/cap4.gif]
[www.ccim.be/ccim328/plan/etoile1.gif]
[www.ccim.be/ccim328/html/blue.gif]
[www.ccim.be/ccim328/js/tabmat.htm]
[www.ccim.be/ccim328/js/present.htm]
[www.ccim.be/ccim328/vb/tb.htm]
[www.ccim.be/ccim328/vb/present.htm]
[www.ccim.be/ccim328/archi/tbcompte.htm]
[www.ccim.be/ccim328/archi/presenta.htm]
[www.ccim.be/ccim328/trucs/preamb.htm]
[www.ccim.be/ccim328/trucs/modemplo.htm]
[www.ccim.be/ccim328/trucs/auteur.htm]
[www.ccim.be/ccim328/trucs/meme.htm]
[www.ccim.be/ccim328/search/search.htm]
[www.ccim.be/ccim328/trucs/favoris.html]
[www.ccim.be/ccim328/trucs/wap.html]
[www.ccim.be/ccim328/trucs/down.html]
[www.ccim.be/ccim328/trucs/tbnew.html]
[www.ccim.be/ccim328/trucs/tbinfo.htm]
[www.ccim.be/ccim328/trucs/tbtexte.htm]
[www.ccim.be/ccim328/trucs/tbbrow.htm]
[www.ccim.be/ccim328/trucs/tbimage.htm]
[www.ccim.be/ccim328/trucs/tbdate.htm]
[www.ccim.be/ccim328/trucs/tbtrans.htm]
[www.ccim.be/ccim328/trucs/tbyeux.html]
[www.ccim.be/ccim328/trucs/tbscroll.htm]
[www.ccim.be/ccim328/trucs/tbdivers.htm]
[www.ccim.be/ccim328/trucs/tblinks.htm]
[www.ccim.be/ccim328/trucs/tbhelp.htm]
[www.ccim.be/ccim328/xml/index-2.html]
[www.ccim.be/ccim328/xml/tbmatiere.html]
[www.ccim.be/ccim328/xml/presentation.html]
[www.ccim.be/ccim328/xhtml/index-2.html]
[www.ccim.be/ccim328/xhtml/tbmatiere.html]
[www.ccim.be/ccim328/xhtml/presentation.html]
[www.ccim.be/ccim328/wap/tbmatiere.html]
[www.ccim.be/ccim328/wap/presentation.html]
[www.ccim.be/ccim328/xsl/tbmatiere.html]
[www.ccim.be/ccim328/xsl/presentation.html]
[www.ccim.be/ccim328/site/site.htm]
[www.ccim.be/ccim328/site/compteur.htm]
[www.ccim.be/ccim328/html/DOWN.gif]
[www.ccim.be/ccim328/htmlplus/tbcompat.htm]
[www.ccim.be/ccim328/html/logohtml.gif]
[www.ccim.be/ccim328/html/spain.gif]
[www.ccim.be/ccim328/html/LEARN.gif]
[www.ccim.be/ccim328/html/ICONETSC.gif]
[www.ccim.be/ccim328/Htmlplus/blue.gif]
[www.ccim.be/ccim328/html/ICOEXPLO.gif]
[www.ccim.be/ccim328/Htmlplus/NEUTRE.gif]
[www.ccim.be/ccim328/Htmlplus/PLUS.gif]
[www.ccim.be/ccim328/Htmlplus/VIDE.gif]
[www.ccim.be/ccim328/trucs/index.html]
[www.ccim.be/ccim328/html/Preamb.htm]
[www.ccim.be/ccim328/html/Htminter.htm]
[www.ccim.be/ccim328/html/1outils.htm]
[www.ccim.be/ccim328/Htmlplus/DOWN.gif]
[www.ccim.be/ccim328/html/docmini.htm]
[www.ccim.be/ccim328/Htmlplus/logohtml.gif]
[www.ccim.be/ccim328/Htmlplus/spain.gif]
[www.ccim.be/ccim328/Htmlplus/MAITRISE.gif]
[www.ccim.be/ccim328/Htmlplus/ARROWUP.gif]
[www.ccim.be/ccim328/Htmlplus/ICONETSC.gif]
[www.ccim.be/ccim328/Htmlplus/ICOEXPLO.gif]
[www.ccim.be/ccim328/Htmlplus/line1.gif]
[www.ccim.be/ccim328/Htmlplus/MOINS.gif]
[www.ccim.be/ccim328/html/Texte.htm]
[www.ccim.be/ccim328/Htmlplus/DOWN1.gif]
[www.ccim.be/ccim328/html/Txtencor.htm]
[www.ccim.be/ccim328/html/T-etList.htm]
[www.ccim.be/ccim328/html/Liens.htm]
[www.ccim.be/ccim328/html/Images.htm]
[www.ccim.be/ccim328/html/Horizon.htm]
[www.ccim.be/ccim328/html/Background.htm]
[www.ccim.be/ccim328/html/tableaux.htm]
[www.ccim.be/ccim328/html/cellules.htm]
[www.ccim.be/ccim328/html/frames.htm]
[www.ccim.be/ccim328/html/choix.htm]
[www.ccim.be/ccim328/html/conseils.htm]
[www.ccim.be/ccim328/html/Htmsuite.htm]
[www.ccim.be/ccim328/html/glossair/index.htm]
[www.ccim.be/ccim328/html/REF.htm]
[www.ccim.be/ccim328/html/speciaux.htm]
[www.ccim.be/ccim328/html/colors.htm]
[www.ccim.be/ccim328/html/colornom.htm]
[www.ccim.be/ccim328/html/auteur.htm]
[www.ccim.be/ccim328/html/awards.htm]
[www.ccim.be/ccim328/html/down.htm]
[www.ccim.be/ccim328/htmlsp/index.htm]
[www.ccim.be/ccim328/Htmlplus/preambul.htm]
[www.ccim.be/ccim328/Htmlplus/tbdetail.htm]
[www.ccim.be/ccim328/Htmlplus/xml.html]
[www.ccim.be/ccim328/Htmlplus/auteur.htm]
[www.ccim.be/ccim328/Htmlplus/down.htm]
[www.ccim.be/ccim328/Htmlplus/tb.htm]
[www.ccim.be/ccim328/Htmlplus/fmhow.htm]
[www.ccim.be/ccim328/Htmlplus/fmdef.htm]
[www.ccim.be/ccim328/Htmlplus/fmtext.htm]
[www.ccim.be/ccim328/Htmlplus/fmzone.htm]
[www.ccim.be/ccim328/Htmlplus/fmliste.htm]
[www.ccim.be/ccim328/Htmlplus/fmradio.htm]
[www.ccim.be/ccim328/Htmlplus/fmbox.htm]
[www.ccim.be/ccim328/Htmlplus/fmcomd.htm]
[www.ccim.be/ccim328/Htmlplus/fmsubmit.htm]
[www.ccim.be/ccim328/html/BUTT4.gif]
[www.ccim.be/ccim328/html/ARROWDOW.gif]
[www.ccim.be/ccim328/html/dreamweaver/BGPAGE.gif]
[www.ccim.be/ccim328/html/dreamweaver/home.gif]
[www.ccim.be/ccim328/Htmlplus/fmlivre.htm]
[www.ccim.be/ccim328/search/search.html]
[www.ccim.be/ccim328/Htmlplus/metapres.htm]
[www.ccim.be/ccim328/Htmlplus/metaindi.htm]
[www.ccim.be/ccim328/Htmlplus/metautil.htm]
[www.ccim.be/ccim328/Htmlplus/metatruc.htm]
[www.ccim.be/ccim328/html/dreamweaver/line1.gif]
[www.ccim.be/ccim328/html/dreamweaver/ARROWDOW.gif]
[www.ccim.be/ccim328/html/dreamweaver/butt2.gif]
[www.ccim.be/ccim328/html/dreamweaver/butt4.gif]
[www.ccim.be/ccim328/html/dreamweaver/paragraf.gif]
[www.ccim.be/ccim328/html/dreamweaver/DREAMWV.gif]
[www.ccim.be/ccim328/html/dreamweaver/PLAN.gif]
[www.ccim.be/ccim328/Htmlplus/metatab.htm]
[www.ccim.be/ccim328/Htmlplus/mapdef.htm]
[www.ccim.be/ccim328/html/fp2000/home.gif]
[www.ccim.be/ccim328/html/fp2000/BGPAGE.gif]
[www.ccim.be/ccim328/html/fp2000/ARROWDOW.gif]
[www.ccim.be/ccim328/html/fp2000/line1.gif]
[www.ccim.be/ccim328/html/fp2000/butt2.gif]
[www.ccim.be/ccim328/html/fp2000/butt4.gif]
[www.ccim.be/ccim328/html/fp2000/paragraf.gif]
[www.ccim.be/ccim328/html/fp2000/FRONTPG.gif]
[www.ccim.be/ccim328/html/fp2000/PLAN.gif]
[www.ccim.be/ccim328/html/webexpert/BGPAGE.gif]
[www.ccim.be/ccim328/html/webexpert/home.gif]
[www.ccim.be/ccim328/html/webexpert/ARROWDOW.gif]
[www.ccim.be/ccim328/html/webexpert/line1.gif]
[www.ccim.be/ccim328/html/webexpert/butt2.gif]
[www.ccim.be/ccim328/html/webexpert/butt4.gif]
[www.ccim.be/ccim328/html/webexpert/paragraf.gif]
[www.ccim.be/ccim328/html/webexpert/WEBEXP.gif]
[www.ccim.be/ccim328/Htmlplus/maphow.htm]
[www.ccim.be/ccim328/html/webexpert/PLAN.gif]
[www.ccim.be/ccim328/html/golive/home.gif]
[www.ccim.be/ccim328/html/golive/BGPAGE.gif]
[www.ccim.be/ccim328/html/golive/ARROWDOW.gif]
[www.ccim.be/ccim328/Htmlplus/mapthis.htm]
[www.ccim.be/ccim328/Htmlplus/mapfin.htm]
[www.ccim.be/ccim328/Htmlplus/cssconcp.htm]
[www.ccim.be/ccim328/Htmlplus/cssdef.htm]
[www.ccim.be/ccim328/html/golive/line1.gif]
[www.ccim.be/ccim328/html/golive/butt2.gif]
[www.ccim.be/ccim328/Htmlplus/cssintern.htm]
[www.ccim.be/ccim328/html/golive/butt4.gif]
[www.ccim.be/ccim328/Htmlplus/cssexter.htm]
[www.ccim.be/ccim328/Htmlplus/cssclass.htm]
[www.ccim.be/ccim328/html/golive/GOLIVE.gif]
[www.ccim.be/ccim328/html/golive/paragraf.gif]
[www.ccim.be/ccim328/html/golive/PLAN.gif]
[www.ccim.be/ccim328/Htmlplus/cssspan.htm]
[www.ccim.be/ccim328/Htmlplus/cssefect.htm]
[www.ccim.be/ccim328/Htmlplus/cssposit.htm]
[www.ccim.be/ccim328/Htmlplus/cssfaq.htm]
[www.ccim.be/ccim328/Htmlplus/csslist.htm]
[www.ccim.be/ccim328/html/namo/BGPAGE.gif]
[www.ccim.be/ccim328/html/namo/home.gif]
[www.ccim.be/ccim328/html/namo/ARROWDOW.gif]
[www.ccim.be/ccim328/Htmlplus/dhtml.htm]
[www.ccim.be/ccim328/Htmlplus/dhlayer.htm]
[www.ccim.be/ccim328/Htmlplus/dhexplorer.htm]
[www.ccim.be/ccim328/Htmlplus/dhdom.htm]
[www.ccim.be/ccim328/Htmlplus/dhbrower.htm]
[www.ccim.be/ccim328/html/namo/line1.gif]
[www.ccim.be/ccim328/html/namo/butt2.gif]
[www.ccim.be/ccim328/html/namo/butt4.gif]
[www.ccim.be/ccim328/html/namo/NAMO.gif]
[www.ccim.be/ccim328/html/namo/paragraf.gif]
[www.ccim.be/ccim328/html/dreamweaver/dream1.html]
[www.ccim.be/ccim328/html/fp2000/fp20001.html]
[www.ccim.be/ccim328/html/webexpert/webexpert1.html]
[www.ccim.be/ccim328/html/golive/golive1.html]
[www.ccim.be/ccim328/html/namo/PLAN.gif]
[www.ccim.be/ccim328/html/fpxpress/BGPAGE.gif]
[www.ccim.be/ccim328/html/fpxpress/home.gif]
[www.ccim.be/ccim328/html/namo/namo1.html]
[www.ccim.be/ccim328/html/fpxpress/ARROWDOW.gif]
[www.ccim.be/ccim328/html/fpxpress/line1.gif]
[www.ccim.be/ccim328/html/fpxpress/butt2.gif]
[www.ccim.be/ccim328/html/fpxpress/butt4.gif]
[www.ccim.be/ccim328/html/fpxpress/paragraf.gif]
[www.ccim.be/ccim328/html/fpxpress/FRPXPRES.gif]
[www.ccim.be/ccim328/html/fpxpress/PLAN.gif]
[www.ccim.be/ccim328/html/composer/home.gif]
[www.ccim.be/ccim328/html/composer/BGPAGE.gif]
[www.ccim.be/ccim328/html/composer/ARROWDOW.gif]
[www.ccim.be/ccim328/html/composer/line1.gif]
[www.ccim.be/ccim328/html/composer/butt2.gif]
[www.ccim.be/ccim328/html/composer/butt4.gif]
[www.ccim.be/ccim328/html/composer/paragraf.gif]
[www.ccim.be/ccim328/html/composer/COMP.gif]
[www.ccim.be/ccim328/html/composer/PLAN.gif]
[www.ccim.be/ccim328/faq/BGPAGE.gif]
[www.ccim.be/ccim328/faq/VIDE.gif]
[www.ccim.be/ccim328/html/fpxpress/frontpx1.htm]
[www.ccim.be/ccim328/html/composer/compos1.htm]
[www.ccim.be/ccim328/faq/tabfaq.html]
[www.ccim.be/ccim328/faq/imagefaq.html]
[www.ccim.be/ccim328/faq/HOME.gif]
[www.ccim.be/ccim328/faq/framesfaq.html]
[www.ccim.be/ccim328/faq/formfaq.html]
[www.ccim.be/ccim328/faq/diversfaq.html]
[www.ccim.be/ccim328/faq/LINE1.gif]
[www.ccim.be/ccim328/faq/EYES_AN.gif]
[www.ccim.be/ccim328/js/blue.gif]
[www.ccim.be/ccim328/js/preambul.htm]
[www.ccim.be/ccim328/js/Jscript.htm]
[www.ccim.be/ccim328/js/JS_java.htm]
[www.ccim.be/ccim328/js/objet.htm]
[www.ccim.be/ccim328/js/outils.htm]
[www.ccim.be/ccim328/js/jsmin.htm]
[www.ccim.be/ccim328/js/txt.htm]
[www.ccim.be/ccim328/js/var.htm]
[www.ccim.be/ccim328/js/opera.htm]
[www.ccim.be/ccim328/js/fonct.htm]
[www.ccim.be/ccim328/js/even.htm]
[www.ccim.be/ccim328/js/if.htm]
[www.ccim.be/ccim328/js/forms.htm]
[www.ccim.be/ccim328/js/divers.htm]
[www.ccim.be/ccim328/js/error.htm]
[www.ccim.be/ccim328/js/faq.htm]
[www.ccim.be/ccim328/js/window.htm]
[www.ccim.be/ccim328/js/string.htm]
[www.ccim.be/ccim328/js/math.htm]
[www.ccim.be/ccim328/js/date.htm]
[www.ccim.be/ccim328/js/navig.htm]
[www.ccim.be/ccim328/js/array.htm]
[www.ccim.be/ccim328/js/frames.htm]
[www.ccim.be/ccim328/js/auteur.htm]
[www.ccim.be/ccim328/js/DOWN1.gif]
[www.ccim.be/ccim328/js/download.htm]
[www.ccim.be/ccim328/js/logohtml.gif]
[www.ccim.be/ccim328/js/spain.gif]
[www.ccim.be/ccim328/js/arrowup.gif]
[www.ccim.be/ccim328/js/JAVASC.gif]
[www.ccim.be/ccim328/js/line1.gif]
[www.ccim.be/ccim328/js/ICONETSC.gif]
[www.ccim.be/ccim328/js/ICOEXPLO.gif]
[www.ccim.be/ccim328/vb/blue.gif]
[www.ccim.be/ccim328/vb/preambule.htm]
[www.ccim.be/ccim328/vb/vbscript.htm]
[www.ccim.be/ccim328/vb/vb_java.htm]
[www.ccim.be/ccim328/vb/vb_active.htm]
[www.ccim.be/ccim328/vb/outils_vb.htm]
[www.ccim.be/ccim328/vb/objet.htm]
[www.ccim.be/ccim328/vb/vbminimum.htm]
[www.ccim.be/ccim328/vb/messagebox.htm]
[www.ccim.be/ccim328/vb/texte.htm]
[www.ccim.be/ccim328/vb/var.htm]
[www.ccim.be/ccim328/vb/operat.htm]
[www.ccim.be/ccim328/vb/fonction.htm]
[www.ccim.be/ccim328/vb/if_then.htm]
[www.ccim.be/ccim328/vb/on_even.htm]
[www.ccim.be/ccim328/vb/controle.htm]
[www.ccim.be/ccim328/vb/tableaux.htm]
[www.ccim.be/ccim328/vb/activex.htm]
[www.ccim.be/ccim328/vb/erreur.htm]
[www.ccim.be/ccim328/vb/auteur.htm]
[www.ccim.be/ccim328/vb/download.htm]
[www.ccim.be/ccim328/vb/spain.gif]
[www.ccim.be/ccim328/vb/DOWN1.gif]
[www.ccim.be/ccim328/vb/arrowup.gif]
[www.ccim.be/ccim328/vb/logohtml.gif]
[www.ccim.be/ccim328/vb/line1.gif]
[www.ccim.be/ccim328/vb/VBSCRIPT.gif]
[www.ccim.be/ccim328/vb/ICONETSC.gif]
[www.ccim.be/ccim328/vb/ICOEXPLO.gif]
[www.ccim.be/ccim328/archi/blue.gif]
[www.ccim.be/ccim328/archi/VIDE.gif]
[www.ccim.be/ccim328/archi/papier.htm]
[www.ccim.be/ccim328/archi/global.htm]
[www.ccim.be/ccim328/archi/objectif.htm]
[www.ccim.be/ccim328/archi/public.htm]
[www.ccim.be/ccim328/archi/contenu.htm]
[www.ccim.be/ccim328/archi/visuel.htm]
[www.ccim.be/ccim328/archi/fonction.htm]
[www.ccim.be/ccim328/archi/decoupe.htm]
[www.ccim.be/ccim328/archi/structure.htm]
[www.ccim.be/ccim328/archi/outils.htm]
[www.ccim.be/ccim328/archi/paccueil.htm]
[www.ccim.be/ccim328/archi/regles.htm]
[www.ccim.be/ccim328/archi/resolution.htm]
[www.ccim.be/ccim328/archi/zone.htm]
[www.ccim.be/ccim328/archi/misenpage.htm]
[www.ccim.be/ccim328/archi/fram_tab.htm]
[www.ccim.be/ccim328/archi/typo.htm]
[www.ccim.be/ccim328/archi/source.htm]
[www.ccim.be/ccim328/archi/DOWN.gif]
[www.ccim.be/ccim328/archi/logohtml.gif]
[www.ccim.be/ccim328/archi/spain.gif]
[www.ccim.be/ccim328/archi/ARROWUP.gif]
[www.ccim.be/ccim328/archi/ARCHI.gif]
[www.ccim.be/ccim328/archi/ATIRET.gif]
[www.ccim.be/ccim328/archi/ICONETSC.gif]
[www.ccim.be/ccim328/archi/ICOEXPLO.gif]
[www.ccim.be/ccim328/trucs/BGPAGE.gif]
[www.ccim.be/ccim328/trucs/BACK.gif]
[www.ccim.be/ccim328/trucs/MOD.gif]
[www.ccim.be/ccim328/trucs/EYES_AN.gif]
[www.ccim.be/ccim328/trucs/EX.gif]
[www.ccim.be/ccim328/trucs/Pubhtml.gif]
[www.ccim.be/ccim328/search/BGPAGE.gif]
[www.ccim.be/ccim328/archi/auteur.htm]
[www.ccim.be/ccim328/search/HOME.gif]
[www.ccim.be/ccim328/search/line1.gif]
[www.ccim.be/ccim328/search/cap4.gif]
[www.ccim.be/ccim328/archi/down.htm]
[www.ccim.be/ccim328/trucs/scripts_dhtml.html]
[www.ccim.be/ccim328/trucs/new/moteur.html]
[www.ccim.be/ccim328/trucs/smile.gif]
[www.ccim.be/ccim328/trucs/new/moteurform.html]
[www.ccim.be/ccim328/trucs/2.gif]
[www.ccim.be/ccim328/trucs/new/trans21.html]
[www.ccim.be/ccim328/trucs/new.gif]
[www.ccim.be/ccim328/trucs/new/yeux26.html]
[www.ccim.be/ccim328/trucs/new/preload.html]
[www.ccim.be/ccim328/trucs/new/brow17.html]
[www.ccim.be/ccim328/trucs/new/yeux28.html]
[www.ccim.be/ccim328/trucs/new/scroll_page_up.html]
[www.ccim.be/ccim328/trucs/new/scroll_page_left.html]
[www.ccim.be/ccim328/trucs/new/yeux29.html]
[www.ccim.be/ccim328/trucs/new/brow16.html]
[www.ccim.be/ccim328/trucs/new/link22.html]
[www.ccim.be/ccim328/trucs/new/scroll33.html]
[www.ccim.be/ccim328/trucs/new/yeux20.htm]
[www.ccim.be/ccim328/trucs/new/yeux21.html]
[www.ccim.be/ccim328/trucs/new/link17.html]
[www.ccim.be/ccim328/trucs/new/yeux22.html]
[www.ccim.be/ccim328/trucs/BGANIM1A.gif]
[www.ccim.be/ccim328/trucs/new/scroll31.html]
[www.ccim.be/ccim328/trucs/zuegel.gif]
[www.ccim.be/ccim328/trucs/santaclaus.gif]
[www.ccim.be/ccim328/trucs/HTMLPLUS.gif]
[www.ccim.be/ccim328/trucs/fadeimgleft.gif]
[www.ccim.be/ccim328/trucs/etoile1.gif]
[www.ccim.be/ccim328/trucs/fadeimgright.gif]
[www.ccim.be/ccim328/trucs/elch.gif]
[www.ccim.be/ccim328/trucs/bgsky66.jpg]
[www.ccim.be/ccim328/trucs/d.gif]
[www.ccim.be/ccim328/trucs/h.gif]
[www.ccim.be/ccim328/trucs/l.gif]
[www.ccim.be/ccim328/trucs/m.gif]
[www.ccim.be/ccim328/trucs/new/yeux23.html]
[www.ccim.be/ccim328/trucs/t.gif]
[www.ccim.be/ccim328/trucs/ENTER.gif]
[www.ccim.be/ccim328/trucs/bganim1.gif]
[www.ccim.be/ccim328/trucs/bganim2.gif]
[www.ccim.be/ccim328/trucs/bganim3.jpg]
[www.ccim.be/ccim328/trucs/new/yeux25.html]
[www.ccim.be/ccim328/trucs/new/link18.html]
[www.ccim.be/ccim328/trucs/new/link19.html]
[www.ccim.be/ccim328/trucs/new/yeux27.html]
[www.ccim.be/ccim328/trucs/new/yeux24.html]
[www.ccim.be/ccim328/trucs/new/link20.html]
[www.ccim.be/ccim328/trucs/new/link21.html]
[www.ccim.be/ccim328/trucs/new/scroll32.html]
[www.ccim.be/ccim328/trucs/new/droit2.html]
[www.ccim.be/ccim328/trucs/new/select+copy.html]
[www.ccim.be/ccim328/trucs/new/txt34.html]
[www.ccim.be/ccim328/trucs/new/image23.html]
[www.ccim.be/ccim328/trucs/new/image24.html]
[www.ccim.be/ccim328/trucs/new/brow15.html]
[www.ccim.be/ccim328/trucs/info07.html]
[www.ccim.be/ccim328/trucs/info05.html]
[www.ccim.be/ccim328/trucs/info01.htm]
[www.ccim.be/ccim328/xml/blue.gif]
[www.ccim.be/ccim328/xml/LOGOHTML.gif]
[www.ccim.be/ccim328/xml/TITRE.gif]
[www.ccim.be/ccim328/xml/ICONETSC.gif]
[www.ccim.be/ccim328/xml/ICOEXPLO.gif]
[www.ccim.be/ccim328/xml/ICOPERA.gif]
[www.ccim.be/ccim328/xhtml/blue.gif]
[www.ccim.be/ccim328/xhtml/LOGOHTML.gif]
[www.ccim.be/ccim328/xhtml/XHTML.gif]
[www.ccim.be/ccim328/xhtml/line1.gif]
[www.ccim.be/ccim328/xhtml/ICONETSC.gif]
[www.ccim.be/ccim328/wap/blue.gif]
[www.ccim.be/ccim328/xhtml/ICOPERA.gif]
[www.ccim.be/ccim328/wap/BGWAP.gif]
[www.ccim.be/ccim328/wap/WAPDEV.gif]
[www.ccim.be/ccim328/wap/ARROWUP.gif]
[www.ccim.be/ccim328/wap/WAP&WML.gif]
[www.ccim.be/ccim328/wap/BARRE.gif]
[www.ccim.be/ccim328/wap/LOGOHTML.gif]
[www.ccim.be/ccim328/wap/ICONETSC.gif]
[www.ccim.be/ccim328/wap/ICOEXPLO.gif]
[www.ccim.be/ccim328/wap/ICOPERA.gif]
[www.ccim.be/ccim328/xsl/blue.gif]
[www.ccim.be/ccim328/xsl/LOGOHTML.gif]
[www.ccim.be/ccim328/xsl/TITRE.gif]
[www.ccim.be/ccim328/xsl/ICOEXPLO.gif]
[www.ccim.be/ccim328/site/BGPAGE.gif]
[www.ccim.be/ccim328/site/line1.gif]
[www.ccim.be/ccim328/site/ARROWUP.gif]
[www.ccim.be/ccim328/site/Boule.gif]
[www.ccim.be/ccim328/site/site.zip]
[www.ccim.be/ccim328/html/preambule.gif]
[www.ccim.be/ccim328/html/leweb.gif]
[www.ccim.be/ccim328/html/BUTT2.gif]
[www.ccim.be/ccim328/html/1outilsgif.gif]
[www.ccim.be/ccim328/html/docmini.gif]
[www.ccim.be/ccim328/html/GIF1.gif]
[www.ccim.be/ccim328/html/GIF2.gif]
[www.ccim.be/ccim328/html/GIF3.gif]
[www.ccim.be/ccim328/html/texte.gif]
[www.ccim.be/ccim328/html/GIF4.gif]
[www.ccim.be/ccim328/html/txtencor.gif]
[www.ccim.be/ccim328/html/listes.gif]
[www.ccim.be/ccim328/html/GIF5.gif]
[www.ccim.be/ccim328/html/GIF6.gif]
[www.ccim.be/ccim328/html/liens.gif]
[www.ccim.be/ccim328/html/MEME.gif]
[www.ccim.be/ccim328/html/GIF7.gif]
[www.ccim.be/ccim328/html/GIF8.gif]
[www.ccim.be/ccim328/html/Images.gif]
[www.ccim.be/ccim328/html/STAQUET.gif]
[www.ccim.be/ccim328/html/GIF18.gif]
[www.ccim.be/ccim328/html/GIF17.gif]
[www.ccim.be/ccim328/html/GIF19.gif]
[www.ccim.be/ccim328/html/separ.gif]
[www.ccim.be/ccim328/html/VIDE.gif]
[www.ccim.be/ccim328/html/GIF9.gif]
[www.ccim.be/ccim328/html/arplan.gif]
[www.ccim.be/ccim328/html/GIF10.gif]
[www.ccim.be/ccim328/html/GIF11.gif]
[www.ccim.be/ccim328/html/paper.gif]
[www.ccim.be/ccim328/html/GIF12.gif]
[www.ccim.be/ccim328/html/tablo.gif]
[www.ccim.be/ccim328/html/GIF13.gif]
[www.ccim.be/ccim328/html/GIF14.gif]
[www.ccim.be/ccim328/html/GIF15.gif]
[www.ccim.be/ccim328/html/GIF16.gif]
[www.ccim.be/ccim328/html/cel.gif]
[www.ccim.be/ccim328/html/GIF20.gif]
[www.ccim.be/ccim328/html/GIF21.gif]
[www.ccim.be/ccim328/html/GIF22.gif]
[www.ccim.be/ccim328/html/GIF23.gif]
[www.ccim.be/ccim328/html/GIF24.gif]
[www.ccim.be/ccim328/html/GIF25.gif]
[www.ccim.be/ccim328/html/GIF26.gif]
[www.ccim.be/ccim328/html/frames.gif]
[www.ccim.be/ccim328/html/GIF27.gif]
[www.ccim.be/ccim328/html/GIF28.gif]
[www.ccim.be/ccim328/html/GIF29.gif]
[www.ccim.be/ccim328/html/GIF30.gif]
[www.ccim.be/ccim328/html/GIF31.gif]
[www.ccim.be/ccim328/html/GIF32.gif]
[www.ccim.be/ccim328/html/choix.gif]
[www.ccim.be/ccim328/html/conseils.gif]
[www.ccim.be/ccim328/html/avance.gif]
[www.ccim.be/ccim328/html/Dotsbani.gif]
[www.ccim.be/ccim328/html/Exclaim.gif]
[www.ccim.be/ccim328/html/X1Y1.gif]
[www.ccim.be/ccim328/html/ABC.gif]
[www.ccim.be/ccim328/html/GIF33.gif]
[www.ccim.be/ccim328/html/ref.gif]
[www.ccim.be/ccim328/html/autor.gif]
[www.ccim.be/ccim328/html/EYES_AN.gif]
[www.ccim.be/ccim328/html/LOGO.gif]
[www.ccim.be/ccim328/html/POINTNET.gif]
[www.ccim.be/ccim328/html/WINDOWNW.gif]
[www.ccim.be/ccim328/html/TOP100B.gif]
[www.ccim.be/ccim328/html/TOP100.gif]
[www.ccim.be/ccim328/html/html_fr.zip]
[www.ccim.be/ccim328/download/html_fr.pdf]
[www.ccim.be/ccim328/download/fpxpress.pdf]
[www.ccim.be/ccim328/Htmlplus/BGPAGE.gif]
[www.ccim.be/ccim328/Htmlplus/home.gif]
[www.ccim.be/ccim328/Htmlplus/EYES_AN.gif]
[www.ccim.be/ccim328/Htmlplus/forms.zip]
[www.ccim.be/ccim328/download/form_doc.pdf]
[www.ccim.be/ccim328/Htmlplus/style.zip]
[www.ccim.be/ccim328/download/style_doc.pdf]
[www.ccim.be/ccim328/Htmlplus/dhtml.zip]
[www.ccim.be/ccim328/download/dhtm_doc.pdf]
[www.ccim.be/ccim328/Htmlplus/compatib.zip]
[www.ccim.be/ccim328/download/compatibilité_doc.pdf]
[www.ccim.be/ccim328/Htmlplus/map.zip]
[www.ccim.be/ccim328/download/map_doc.pdf]
[www.ccim.be/ccim328/Htmlplus/meta.zip]
[www.ccim.be/ccim328/download/meta_doc.pdf]
[www.ccim.be/ccim328/Htmlplus/ARROWDOW.gif]
[www.ccim.be/ccim328/Htmlplus/butt.gif]
[www.ccim.be/ccim328/Htmlplus/buttpt.gif]
[www.ccim.be/ccim328/Htmlplus/BUTVIDE.gif]
[www.ccim.be/ccim328/Htmlplus/SELECT.gif]
[www.ccim.be/ccim328/Htmlplus/GIF30.gif]
[www.ccim.be/ccim328/Htmlplus/MAP4.gif]
[www.ccim.be/ccim328/Htmlplus/MAP.gif]
[www.ccim.be/ccim328/Htmlplus/MAP2.gif]
[www.ccim.be/ccim328/Htmlplus/RECT.gif]
[www.ccim.be/ccim328/Htmlplus/CIRC.gif]
[www.ccim.be/ccim328/Htmlplus/POLY.gif]
[www.ccim.be/ccim328/download/mpths131.exe]
[www.ccim.be/ccim328/Htmlplus/TO.gif]
[www.ccim.be/ccim328/Htmlplus/THIS1.gif]
[www.ccim.be/ccim328/Htmlplus/THIS3.gif]
[www.ccim.be/ccim328/trucs/info02.htm]
[www.ccim.be/ccim328/Htmlplus/THIS5.gif]
[www.ccim.be/ccim328/trucs/info03.htm]
[www.ccim.be/ccim328/trucs/info06.html]
[www.ccim.be/ccim328/trucs/info04.htm]
[www.ccim.be/ccim328/trucs/info09.html]
[www.ccim.be/ccim328/trucs/menu04.htm]
[www.ccim.be/ccim328/Htmlplus/THIS2.gif]
[www.ccim.be/ccim328/trucs/menu05.html]
[www.ccim.be/ccim328/trucs/menu01.html]
[www.ccim.be/ccim328/trucs/menu06.html]
[www.ccim.be/ccim328/Htmlplus/THIS4.gif]
[www.ccim.be/ccim328/Htmlplus/THIS7.gif]
[www.ccim.be/ccim328/Htmlplus/THIS6.gif]
[www.ccim.be/ccim328/trucs/menu03.htm]
[www.ccim.be/ccim328/trucs/link06.htm]
[www.ccim.be/ccim328/trucs/menu10.html]
[www.ccim.be/ccim328/trucs/info08.html]
[www.ccim.be/ccim328/trucs/menu07.html]
[www.ccim.be/ccim328/trucs/menu09.html]
[www.ccim.be/ccim328/trucs/menu08.html]
[www.ccim.be/ccim328/trucs/txt13.htm]
[www.ccim.be/ccim328/trucs/txt22.html]
[www.ccim.be/ccim328/trucs/txt19.html]
[www.ccim.be/ccim328/trucs/txt21.html]
[www.ccim.be/ccim328/trucs/txt26.html]
[www.ccim.be/ccim328/trucs/txt25.html]
[www.ccim.be/ccim328/trucs/txt15.htm]
[www.ccim.be/ccim328/trucs/txt17.htm]
[www.ccim.be/ccim328/trucs/txt27.html]
[www.ccim.be/ccim328/trucs/txt24.html]
[www.ccim.be/ccim328/trucs/txt18.htm]
[www.ccim.be/ccim328/trucs/txt16.htm]
[www.ccim.be/ccim328/Htmlplus/ATIRET.gif]
[www.ccim.be/ccim328/trucs/txt20.html]
[www.ccim.be/ccim328/trucs/txt01.htm]
[www.ccim.be/ccim328/trucs/txt02.htm]
[www.ccim.be/ccim328/trucs/txt03.htm]
[www.ccim.be/ccim328/trucs/txt04.htm]
[www.ccim.be/ccim328/trucs/txt05.htm]
[www.ccim.be/ccim328/trucs/txt06.htm]
[www.ccim.be/ccim328/trucs/txt23.html]
[www.ccim.be/ccim328/trucs/txt07.htm]
[www.ccim.be/ccim328/trucs/txt08.htm]
[www.ccim.be/ccim328/trucs/txt09.htm]
[www.ccim.be/ccim328/trucs/txt14.htm]
[www.ccim.be/ccim328/trucs/txt10.htm]
[www.ccim.be/ccim328/trucs/txt11.htm]
[www.ccim.be/ccim328/trucs/txt12.htm]
[www.ccim.be/ccim328/trucs/txt31.html]
[www.ccim.be/ccim328/trucs/txt33.html]
[www.ccim.be/ccim328/trucs/txt28.html]
[www.ccim.be/ccim328/Htmlplus/EFFET2.gif]
[www.ccim.be/ccim328/Htmlplus/EFFET1.gif]
[www.ccim.be/ccim328/Htmlplus/EFFET3.gif]
[www.ccim.be/ccim328/trucs/txt30.html]
[www.ccim.be/ccim328/trucs/txt32.html]
[www.ccim.be/ccim328/trucs/brow05.htm]
[www.ccim.be/ccim328/trucs/brow06.htm]
[www.ccim.be/ccim328/trucs/brow07.htm]
[www.ccim.be/ccim328/Htmlplus/JUSTIFY.gif]
[www.ccim.be/ccim328/Htmlplus/TOPLEFT.gif]
[www.ccim.be/ccim328/Htmlplus/POS_TXT.gif]
[www.ccim.be/ccim328/trucs/brow09.html]
[www.ccim.be/ccim328/trucs/brow14.html]
[www.ccim.be/ccim328/Htmlplus/POS_IMG.gif]
[www.ccim.be/ccim328/Htmlplus/TXT_IMG.gif]
[www.ccim.be/ccim328/trucs/brow12.html]
[www.ccim.be/ccim328/trucs/brow11.html]
[www.ccim.be/ccim328/Htmlplus/TESTMIE.gif]
[www.ccim.be/ccim328/Htmlplus/TESTNETS.gif]
[www.ccim.be/ccim328/Htmlplus/DHT.gif]
[www.ccim.be/ccim328/Htmlplus/LAYER.gif]
[www.ccim.be/ccim328/trucs/brow13.html]
[www.ccim.be/ccim328/trucs/brow03.htm]
[www.ccim.be/ccim328/trucs/brow10.html]
[www.ccim.be/ccim328/trucs/brow08.htm]
[www.ccim.be/ccim328/trucs/brow01.htm]
[www.ccim.be/ccim328/Htmlplus/DYNA.gif]
[www.ccim.be/ccim328/Htmlplus/HTML.gif]
[www.ccim.be/ccim328/trucs/brow02.htm]
[www.ccim.be/ccim328/trucs/brow04.htm]
[www.ccim.be/ccim328/trucs/image01.htm]
[www.ccim.be/ccim328/Htmlplus/SGML.gif]
[www.ccim.be/ccim328/Htmlplus/LAYER1.gif]
[www.ccim.be/ccim328/trucs/image02.htm]
[www.ccim.be/ccim328/trucs/image17.html]
[www.ccim.be/ccim328/trucs/image09.htm]
[www.ccim.be/ccim328/trucs/image16.html]
[www.ccim.be/ccim328/trucs/image03.htm]
[www.ccim.be/ccim328/trucs/image10.htm]
[www.ccim.be/ccim328/trucs/image11.htm]
[www.ccim.be/ccim328/trucs/image12.htm]
[www.ccim.be/ccim328/trucs/cursor.htm]
[www.ccim.be/ccim328/trucs/image04.htm]
[www.ccim.be/ccim328/trucs/image15.html]
[www.ccim.be/ccim328/trucs/image05.htm]
[www.ccim.be/ccim328/html/dreamweaver/arrowup.gif]
[www.ccim.be/ccim328/trucs/image08.htm]
[www.ccim.be/ccim328/trucs/image06.htm]
[www.ccim.be/ccim328/trucs/image14.html]
[www.ccim.be/ccim328/trucs/image18.html]
[www.ccim.be/ccim328/trucs/image13.html]
[www.ccim.be/ccim328/trucs/image19.html]
[www.ccim.be/ccim328/trucs/image20.html]
[www.ccim.be/ccim328/trucs/image21.html]
[www.ccim.be/ccim328/trucs/image22.html]
[www.ccim.be/ccim328/trucs/image07.htm]
[www.ccim.be/ccim328/trucs/date05.htm]
[www.ccim.be/ccim328/trucs/date09.html]
[www.ccim.be/ccim328/trucs/date06.htm]
[www.ccim.be/ccim328/trucs/date11.html]
[www.ccim.be/ccim328/trucs/date01.htm]
[www.ccim.be/ccim328/trucs/date02.htm]
[www.ccim.be/ccim328/trucs/date10.html]
[www.ccim.be/ccim328/trucs/date03.htm]
[www.ccim.be/ccim328/trucs/date07.html]
[www.ccim.be/ccim328/trucs/date08.html]
[www.ccim.be/ccim328/trucs/date04.htm]
[www.ccim.be/ccim328/trucs/trans01.htm]
[www.ccim.be/ccim328/trucs/trans02.htm]
[www.ccim.be/ccim328/trucs/trans03.htm]
[www.ccim.be/ccim328/trucs/trans04.htm]
[www.ccim.be/ccim328/trucs/trans05.htm]
[www.ccim.be/ccim328/trucs/trans06.htm]
[www.ccim.be/ccim328/trucs/trans15.html]
[www.ccim.be/ccim328/html/dreamweaver/TO.gif]
[www.ccim.be/ccim328/html/dreamweaver/ENREG1.gif]
[www.ccim.be/ccim328/html/dreamweaver/SITE.gif]
[www.ccim.be/ccim328/trucs/trans07.html]
[www.ccim.be/ccim328/trucs/trans10.html]
[www.ccim.be/ccim328/trucs/trans08.html]
[www.ccim.be/ccim328/trucs/trans11.html]
[www.ccim.be/ccim328/trucs/trans12.html]
[www.ccim.be/ccim328/trucs/trans09.html]
[www.ccim.be/ccim328/trucs/trans13.html]
[www.ccim.be/ccim328/trucs/trans20.html]
[www.ccim.be/ccim328/trucs/trans14.html]
[www.ccim.be/ccim328/trucs/trans16.html]
[www.ccim.be/ccim328/trucs/trans19.html]
[www.ccim.be/ccim328/trucs/trans17.html]
[www.ccim.be/ccim328/trucs/trans18.html]
[www.ccim.be/ccim328/trucs/yeux15.htm]
[www.ccim.be/ccim328/trucs/yeux10.html]
[www.ccim.be/ccim328/html/dreamweaver/ENREG2.gif]
[www.ccim.be/ccim328/html/fp2000/arrowup.gif]
[www.ccim.be/ccim328/trucs/yeux01.htm]
[www.ccim.be/ccim328/trucs/yeux02.html]
[www.ccim.be/ccim328/trucs/yeux07.html]
[www.ccim.be/ccim328/trucs/yeux03.html]
[www.ccim.be/ccim328/trucs/yeux04.html]
[www.ccim.be/ccim328/trucs/yeux16.html]
[www.ccim.be/ccim328/trucs/yeux14.htm]
[www.ccim.be/ccim328/trucs/txt29.htm]
[www.ccim.be/ccim328/trucs/yeux05.html]
[www.ccim.be/ccim328/trucs/yeux06.html]
[www.ccim.be/ccim328/trucs/yeux08.html]
[www.ccim.be/ccim328/html/fp2000/TO.gif]
[www.ccim.be/ccim328/html/fp2000/SITE1.gif]
[www.ccim.be/ccim328/html/fp2000/SITE2.gif]
[www.ccim.be/ccim328/trucs/yeux11.html]
[www.ccim.be/ccim328/trucs/yeux12.html]
[www.ccim.be/ccim328/trucs/yeux09.htm]
[www.ccim.be/ccim328/trucs/yeux13.html]
[www.ccim.be/ccim328/trucs/yeux18.html]
[www.ccim.be/ccim328/html/fp2000/SITE3.gif]
[www.ccim.be/ccim328/html/fp2000/TITRE.gif]
[www.ccim.be/ccim328/html/fp2000/NEWPAGE.gif]
[www.ccim.be/ccim328/trucs/yeux17.html]
[www.ccim.be/ccim328/trucs/yeux19.html]
[www.ccim.be/ccim328/trucs/scroll12.htm]
[www.ccim.be/ccim328/trucs/scroll11.htm]
[www.ccim.be/ccim328/trucs/scrol01.htm]
[www.ccim.be/ccim328/trucs/scroll21.html]
[www.ccim.be/ccim328/trucs/scrol02.htm]
[www.ccim.be/ccim328/trucs/scroll20.html]
[www.ccim.be/ccim328/trucs/scroll23.html]
[www.ccim.be/ccim328/trucs/scroll30.html]
[www.ccim.be/ccim328/trucs/scroll28.html]
[www.ccim.be/ccim328/html/fp2000/SAVE.gif]
[www.ccim.be/ccim328/html/fp2000/SAVE1.gif]
[www.ccim.be/ccim328/html/fp2000/TITRE1.gif]
[www.ccim.be/ccim328/trucs/scroll15.html]
[www.ccim.be/ccim328/trucs/scrol06.htm]
[www.ccim.be/ccim328/html/fp2000/OUVRIR.gif]
[www.ccim.be/ccim328/html/webexpert/arrowup.gif]
[www.ccim.be/ccim328/trucs/scroll27.html]
[www.ccim.be/ccim328/trucs/scrol04.htm]
[www.ccim.be/ccim328/trucs/scroll13.html]
[www.ccim.be/ccim328/trucs/scroll26.html]
[www.ccim.be/ccim328/html/webexpert/SITE.gif]
[www.ccim.be/ccim328/html/webexpert/TO.gif]
[www.ccim.be/ccim328/trucs/scroll29.html]
[www.ccim.be/ccim328/trucs/scroll14.html]
[www.ccim.be/ccim328/trucs/scroll19.html]
[www.ccim.be/ccim328/trucs/scroll25.html]
[www.ccim.be/ccim328/trucs/scrol03.htm]
[www.ccim.be/ccim328/trucs/scrol05.htm]
[www.ccim.be/ccim328/trucs/scrol09.htm]
[www.ccim.be/ccim328/trucs/scroll10.htm]
[www.ccim.be/ccim328/trucs/scrol07.htm]
[www.ccim.be/ccim328/trucs/scrol08.htm]
[www.ccim.be/ccim328/trucs/scroll24.html]
[www.ccim.be/ccim328/trucs/scroll16.html]
[www.ccim.be/ccim328/trucs/scroll17.html]
[www.ccim.be/ccim328/trucs/scroll18.html]
[www.ccim.be/ccim328/trucs/scroll22.html]
[www.ccim.be/ccim328/trucs/retard.html]
[www.ccim.be/ccim328/trucs/astuces.html]
[www.ccim.be/ccim328/trucs/clavier.html]
[www.ccim.be/ccim328/trucs/print.htm]
[www.ccim.be/ccim328/trucs/opener.html]
[www.ccim.be/ccim328/trucs/on_top.html]
[www.ccim.be/ccim328/trucs/cadreblk.htm]
[www.ccim.be/ccim328/trucs/cadredoc.htm]
[www.ccim.be/ccim328/trucs/cels.htm]
[www.ccim.be/ccim328/trucs/favoris.htm]
[www.ccim.be/ccim328/trucs/error.htm]
[www.ccim.be/ccim328/trucs/exframes.htm]
[www.ccim.be/ccim328/trucs/source.htm]
[www.ccim.be/ccim328/trucs/reload.htm]
[www.ccim.be/ccim328/trucs/attente.htm]
[www.ccim.be/ccim328/trucs/change.html]
[www.ccim.be/ccim328/trucs/previous.htm]
[www.ccim.be/ccim328/trucs/deux.htm]
[www.ccim.be/ccim328/trucs/focus.htm]
[www.ccim.be/ccim328/trucs/cookie01.htm]
[www.ccim.be/ccim328/html/webexpert/SAVE.gif]
[www.ccim.be/ccim328/html/webexpert/NEW.gif]
[www.ccim.be/ccim328/trucs/find.html]
[www.ccim.be/ccim328/trucs/droit.html]
[www.ccim.be/ccim328/trucs/loadbar.html]
[www.ccim.be/ccim328/trucs/new/loadbar.html]
[www.ccim.be/ccim328/trucs/link01.htm]
[www.ccim.be/ccim328/trucs/link14.html]
[www.ccim.be/ccim328/trucs/link11.html]
[www.ccim.be/ccim328/trucs/link15.html]
[www.ccim.be/ccim328/trucs/link04.htm]
[www.ccim.be/ccim328/html/webexpert/ONGLETS.gif]
[www.ccim.be/ccim328/trucs/link13.html]
[www.ccim.be/ccim328/trucs/link03.htm]
[www.ccim.be/ccim328/trucs/link07.html]
[www.ccim.be/ccim328/trucs/link12.html]
[www.ccim.be/ccim328/html/golive/arrowup.gif]
[www.ccim.be/ccim328/trucs/link16.html]
[www.ccim.be/ccim328/trucs/link05.htm]
[www.ccim.be/ccim328/trucs/link08.html]
[www.ccim.be/ccim328/trucs/link10.html]
[www.ccim.be/ccim328/trucs/link09.html]
[www.ccim.be/ccim328/html/golive/TO.gif]
[www.ccim.be/ccim328/html/golive/NEWSITE0.gif]
[www.ccim.be/ccim328/html/golive/NEWSITE.gif]
[www.ccim.be/ccim328/html/golive/TITRE.gif]
[www.ccim.be/ccim328/html/golive/PALETTE.gif]
[www.ccim.be/ccim328/html/golive/SAVE.gif]
[www.ccim.be/ccim328/trucs/memoire/csscolor.htm]
[www.ccim.be/ccim328/trucs/memoire/glossary.html]
[www.ccim.be/ccim328/trucs/memoire/csshelp.htm]
[www.ccim.be/ccim328/trucs/memoire/mastergrid.html]
[www.ccim.be/ccim328/trucs/memoire/safegrid.htm]
[www.ccim.be/ccim328/trucs/memoire/unsafegrid.htm]
[www.ccim.be/ccim328/trucs/memoire/codeRGB.html]
[www.ccim.be/ccim328/xml/first.html]
[www.ccim.be/ccim328/xml/xml.html]
[www.ccim.be/ccim328/xml/html.html]
[www.ccim.be/ccim328/xml/syntaxe.html]
[www.ccim.be/ccim328/xml/1doc.html]
[www.ccim.be/ccim328/xml/dtd.html]
[www.ccim.be/ccim328/xml/xml_css.html]
[www.ccim.be/ccim328/html/namo/arrowup.gif]
[www.ccim.be/ccim328/html/namo/SITE.gif]
[www.ccim.be/ccim328/html/namo/TO.gif]
[www.ccim.be/ccim328/xml/xml_xsl.html]
[www.ccim.be/ccim328/xml/xml_html.html]
[www.ccim.be/ccim328/xml/edit.html]
[www.ccim.be/ccim328/html/namo/SAVE.gif]
[www.ccim.be/ccim328/html/namo/NEW.gif]
[www.ccim.be/ccim328/xml/xml10.html]
[www.ccim.be/ccim328/html/namo/SITE1.gif]
[www.ccim.be/ccim328/xml/faqxml_fr.htm]
[www.ccim.be/ccim328/xml/xsl_first.html]
[www.ccim.be/ccim328/xml/xsl.html]
[www.ccim.be/ccim328/xml/xsl_1doc.html]
[www.ccim.be/ccim328/html/fpxpress/arrowup.gif]
[www.ccim.be/ccim328/html/fpxpress/TO.gif]
[www.ccim.be/ccim328/html/fpxpress/FPX1.gif]
[www.ccim.be/ccim328/html/fpxpress/FPX2.gif]
[www.ccim.be/ccim328/html/fpxpress/FPX3.gif]
[www.ccim.be/ccim328/xml/xsl_exemple.html]
[www.ccim.be/ccim328/html/composer/arrowup.gif]
[www.ccim.be/ccim328/html/composer/TO.gif]
[www.ccim.be/ccim328/html/composer/SAVE1.gif]
[www.ccim.be/ccim328/xml/xsl_order.html]
[www.ccim.be/ccim328/html/composer/NOUVEAU.gif]
[www.ccim.be/ccim328/html/composer/SAVE2.gif]
[www.ccim.be/ccim328/xml/xsl_filter.html]
[www.ccim.be/ccim328/faq/BUTT.gif]
[www.ccim.be/ccim328/faq/BREAK2.gif]
[www.ccim.be/ccim328/faq/BREAK1.gif]
[www.ccim.be/ccim328/js/BGPAGE.gif]
[www.ccim.be/ccim328/xml/xsl_if.html]
[www.ccim.be/ccim328/js/home.gif]
[www.ccim.be/ccim328/js/ARROWDOW.gif]
[www.ccim.be/ccim328/js/SCRIPT.gif]
[www.ccim.be/ccim328/js/BUTT2B.gif]
[www.ccim.be/ccim328/js/OBJET.gif]
[www.ccim.be/ccim328/xml/xsl_choose.html]
[www.ccim.be/ccim328/xml/xsl_javascript.html]
[www.ccim.be/ccim328/xml/corner.html]
[www.ccim.be/ccim328/xml/auteur.htm]
[www.ccim.be/ccim328/xml/meme.html]
[www.ccim.be/ccim328/xml/download.htm]
[www.ccim.be/ccim328/xml/lien.html]
[www.ccim.be/ccim328/xml/BGWAP.gif]
[www.ccim.be/ccim328/xhtml/prerequis.html]
[www.ccim.be/ccim328/xhtml/first.html]
[www.ccim.be/ccim328/xhtml/html5.html]
[www.ccim.be/ccim328/xhtml/xml.html]
[www.ccim.be/ccim328/js/OBJET1.gif]
[www.ccim.be/ccim328/js/OBJET2.gif]
[www.ccim.be/ccim328/xhtml/xmlsuite.html]
[www.ccim.be/ccim328/xhtml/dtd.html]
[www.ccim.be/ccim328/xhtml/docmini.html]
[www.ccim.be/ccim328/xhtml/compat.html]
[www.ccim.be/ccim328/js/OBJET3.gif]
[www.ccim.be/ccim328/js/OBJET4.gif]
[www.ccim.be/ccim328/js/DOCWRITE.gif]
[www.ccim.be/ccim328/xhtml/valide.html]
[www.ccim.be/ccim328/xhtml/w3c_xhtml1.htm]
[www.ccim.be/ccim328/xhtml/auteur.htm]
[www.ccim.be/ccim328/xhtml/meme.html]
[www.ccim.be/ccim328/xhtml/download.htm]
[www.ccim.be/ccim328/xhtml/lien.html]
[www.ccim.be/ccim328/xhtml/BGWAP.gif]
[www.ccim.be/ccim328/js/WHILE.gif]
[www.ccim.be/ccim328/js/MAILTO.gif]
[www.ccim.be/ccim328/js/DOCVAR.gif]
[www.ccim.be/ccim328/wap/wap.html]
[www.ccim.be/ccim328/wap/wml.html]
[www.ccim.be/ccim328/wap/xml.html]
[www.ccim.be/ccim328/wap/limites.html]
[www.ccim.be/ccim328/wap/outils.html]
[www.ccim.be/ccim328/wap/structure.html]
[www.ccim.be/ccim328/wap/docmini.html]
[www.ccim.be/ccim328/wap/carte.html]
[www.ccim.be/ccim328/js/ALERTMS.gif]
[www.ccim.be/ccim328/js/PROMPT.gif]
[www.ccim.be/ccim328/js/CONFIRM.gif]
[www.ccim.be/ccim328/wap/texte.html]
[www.ccim.be/ccim328/wap/liens.html]
[www.ccim.be/ccim328/wap/tableaux.html]
[www.ccim.be/ccim328/wap/images.html]
[www.ccim.be/ccim328/wap/events.html]
[www.ccim.be/ccim328/wap/actions.html]
[www.ccim.be/ccim328/wap/template.html]
[www.ccim.be/ccim328/wap/input.html]
[www.ccim.be/ccim328/wap/option.html]
[www.ccim.be/ccim328/wap/publication.html]
[www.ccim.be/ccim328/wap/auteur.htm]
[www.ccim.be/ccim328/js/ERRORS.gif]
[www.ccim.be/ccim328/wap/download.htm]
[www.ccim.be/ccim328/wap/lien.html]
[www.ccim.be/ccim328/xsl/BGWAP.gif]
[www.ccim.be/ccim328/xsl/line1.gif]
[www.ccim.be/ccim328/htmlplus/compplan.htm]
[www.ccim.be/ccim328/htmlplus/computil.htm]
[www.ccim.be/ccim328/htmlplus/comptab.htm]
[www.ccim.be/ccim328/htmlplus/compstat.htm]
[www.ccim.be/ccim328/htmlplus/compsite.htm]
[www.ccim.be/ccim328/js/FRAMES.gif]
[www.ccim.be/ccim328/js/FRAMES1.gif]
[www.ccim.be/ccim328/js/EYES_AN.gif]
[www.ccim.be/ccim328/js/js_doc.zip]
[www.ccim.be/ccim328/download/js_doc.pdf]
[www.ccim.be/ccim328/vb/BGPAGE.gif]
[www.ccim.be/ccim328/vb/INDEX.gif]
[www.ccim.be/ccim328/htmlplus/compcons.htm]
[www.ccim.be/ccim328/html/computil.htm]
[www.ccim.be/ccim328/html/MaVille.htm]
[www.ccim.be/ccim328/html/B.htm]
[www.ccim.be/ccim328/html/C.htm]
[www.ccim.be/VIDE.gif]
[www.ccim.be/ccim328/html/clock.html]
[www.ccim.be/ccim328/html/glossair/choix.htm]
[www.ccim.be/ccim328/html/glossair/blanc.htm]
[www.ccim.be/ccim328/html/composer/composer.zip]
[www.ccim.be/ccim328/htmlsp/Tabmat.htm]
[www.ccim.be/ccim328/htmlsp/Present.htm]
[www.ccim.be/ccim328/Htmlplus/idx.htm]
[www.ccim.be/ccim328/vb/ARROWDOW.gif]
[www.ccim.be/ccim328/Htmlplus/REC-xml.htm]
[www.ccim.be/ccim328/download/mtf50_32.html]
[www.ccim.be/ccim328/Htmlplus/map/a.htm]
[www.ccim.be/ccim328/Htmlplus/map/b.htm]
[www.ccim.be/ccim328/Htmlplus/map/c.htm]
[www.ccim.be/ccim328/Htmlplus/map/d.htm]
[www.ccim.be/ccim328/Htmlplus/map/e.htm]
[www.ccim.be/ccim328/Htmlplus/map/f.htm]
[www.ccim.be/ccim328/Htmlplus/dhsample.htm]
[www.ccim.be/ccim328/Htmlplus/dhexempl.htm]
[www.ccim.be/ccim328/html/dreamweaver/dream2.html]
[www.ccim.be/ccim328/html/fp2000/fp20002.html]
[www.ccim.be/ccim328/html/webexpert/webexpert2.html]
[www.ccim.be/ccim328/html/golive/golive2.html]
[www.ccim.be/ccim328/vb/SCRIPT.gif]
[www.ccim.be/ccim328/vb/BUTT.gif]
[www.ccim.be/ccim328/html/namo/namo2.html]
[www.ccim.be/ccim328/html/fpxpress/frontpx2.htm]
[www.ccim.be/ccim328/html/composer/compos2.htm]
[www.ccim.be/ccim328/vb/AWUP.gif]
[www.ccim.be/ccim328/vb/BARRE.gif]
[www.ccim.be/ccim328/js/indexsc.htm]
[www.ccim.be/ccim328/js/test.htm]
[www.ccim.be/ccim328/js/testc.htm]
[www.ccim.be/ccim328/js/divers_av.htm]
[www.ccim.be/ccim328/js/datavar.htm]
[www.ccim.be/ccim328/js/exframes.htm]
[www.ccim.be/ccim328/vb/AWDOWN.gif]
[www.ccim.be/ccim328/vb/OBJET.gif]
[www.ccim.be/ccim328/vb/OBJET1.gif]
[www.ccim.be/ccim328/vb/OBJET2.gif]
[www.ccim.be/ccim328/vb/OBJET3.gif]
[www.ccim.be/ccim328/vb/MSGBOX.gif]
[www.ccim.be/ccim328/vb/ALERT.gif]
[www.ccim.be/ccim328/vb/INPUTBOX.gif]
[www.ccim.be/ccim328/vb/ERREUR.gif]
[www.ccim.be/ccim328/vb/EYES_AN.gif]
[www.ccim.be/ccim328/vb/home.gif]
[www.ccim.be/ccim328/vb/vb_doc.zip]
[www.ccim.be/ccim328/download/vb_doc.pdf]
[www.ccim.be/ccim328/archi/BGPAGE.gif]
[www.ccim.be/ccim328/archi/home.gif]
[www.ccim.be/ccim328/archi/ARROWDOW.gif]
[www.ccim.be/ccim328/archi/ALIGNE.gif]
[www.ccim.be/ccim328/archi/BUTT.gif]
[www.ccim.be/ccim328/archi/SCHEMA.gif]
[www.ccim.be/ccim328/archi/TO.gif]
[www.ccim.be/ccim328/archi/TABOBJ.gif]
[www.ccim.be/ccim328/archi/TABPUB.gif]
[www.ccim.be/ccim328/archi/TABCON.gif]
[www.ccim.be/ccim328/archi/TABVISU.gif]
[www.ccim.be/ccim328/archi/TABFONC.gif]
[www.ccim.be/ccim328/archi/SMALL.gif]
[www.ccim.be/ccim328/archi/ECRAN.gif]
[www.ccim.be/ccim328/archi/SEQ.gif]
[www.ccim.be/ccim328/archi/HIERAR.gif]
[www.ccim.be/ccim328/archi/EQUI.gif]
[www.ccim.be/ccim328/archi/RESEAU.gif]
[www.ccim.be/ccim328/archi/PUB1GIF.gif]
[www.ccim.be/ccim328/archi/DUO.gif]
[www.ccim.be/ccim328/archi/IRT.gif]
[www.ccim.be/ccim328/archi/ALL.gif]
[www.ccim.be/ccim328/archi/SCR640.gif]
[www.ccim.be/ccim328/archi/TABRESOL.gif]
[www.ccim.be/ccim328/archi/RABC_600.gif]
[www.ccim.be/ccim328/archi/RABC_800.gif]
[www.ccim.be/ccim328/archi/TEXTE800.gif]
[www.ccim.be/ccim328/archi/TEXTE600.gif]
[www.ccim.be/ccim328/archi/fina800.gif]
[www.ccim.be/ccim328/archi/fina640.gif]
[www.ccim.be/ccim328/archi/SAFEBROW.gif]
[www.ccim.be/ccim328/archi/SAFEPRIN.gif]
[www.ccim.be/ccim328/archi/default_fonts.gif]
[www.ccim.be/ccim328/archi/font_sizes.gif]
[www.ccim.be/ccim328/archi/archi_doc.zip]
[www.ccim.be/ccim328/download/archi_doc.pdf]
[www.ccim.be/ccim328/archi/EYES_AN.gif]
[www.ccim.be/ccim328/trucs/new/BACK.gif]
[www.ccim.be/ccim328/trucs/xsearch/xsearch-fr.zip]
[www.ccim.be/ccim328/trucs/new/select.gif]
[www.ccim.be/ccim328/trucs/new/BGANIM1A.gif]
[www.ccim.be/ccim328/trucs/new/h.gif]
[www.ccim.be/ccim328/trucs/new/t.gif]
[www.ccim.be/ccim328/trucs/new/m.gif]
[www.ccim.be/ccim328/trucs/new/l.gif]
[www.ccim.be/ccim328/trucs/new/d.gif]
[www.ccim.be/ccim328/trucs/new/enter.gif]
[www.ccim.be/ccim328/trucs/new/pubhtml.gif]
[www.ccim.be/ccim328/trucs/new/bganim1.gif]
[www.ccim.be/ccim328/trucs/new/bganim2.gif]
[www.ccim.be/ccim328/trucs/new/bganim3.jpg]
[www.ccim.be/ccim328/trucs/new/1.gif]
[www.ccim.be/ccim328/trucs/new/2.gif]
[www.ccim.be/ccim328/trucs/new/3.gif]
[www.ccim.be/ccim328/trucs/new/4.gif]
[www.ccim.be/ccim328/vb/indexsc.htm]
[www.ccim.be/ccim328/archi/idx.htm]
[www.ccim.be/ccim328/archi/sources/site_qui_tue.htm]
[www.ccim.be/ccim328/trucs/new/PUBHTM.gif]
[www.ccim.be/ccim328/trucs/new/bas.gif]
[www.ccim.be/ccim328/trucs/new/haut.gif]
[www.ccim.be/ccim328/trucs/new/gauche.gif]
[www.ccim.be/ccim328/trucs/new/droite.gif]
[www.ccim.be/ccim328/trucs/new/etoile1.gif]
[www.ccim.be/ccim328/trucs/new/fadeimgright.gif]
[www.ccim.be/ccim328/trucs/new/fadeimgleft.gif]
[www.ccim.be/ccim328/trucs/new/bgsky66.jpg]
[www.ccim.be/ccim328/trucs/new/zuegel.gif]
[www.ccim.be/ccim328/trucs/new/santaclaus.gif]
[www.ccim.be/ccim328/trucs/new/HTMLPLUS.gif]
[www.ccim.be/ccim328/trucs/overlib.zip]
[www.ccim.be/ccim328/trucs/bgindex.gif]
[www.ccim.be/ccim328/trucs/tabmat.jpg]
[www.ccim.be/ccim328/trucs/faq.gif]
[www.ccim.be/ccim328/trucs/tutor.gif]
[www.ccim.be/ccim328/trucs/xsearch/xsearch.htm]
[www.ccim.be/ccim328/trucs/xsearch/xsearch3f0e.htm]
[www.ccim.be/ccim328/trucs/new/xsearch3f0e.htm]
[www.ccim.be/ccim328/trucs/new/trans21bis.html]
[www.ccim.be/ccim328/trucs/new/popupwindow.html]
[www.ccim.be/ccim328/trucs/new/contenupopup.html]
[www.ccim.be/ccim328/trucs/new/URL.html]
[www.ccim.be/ccim328/trucs/new/yeux21bis.html]
[www.ccim.be/ccim328/trucs/new/votre lien.html]
[www.ccim.be/ccim328/trucs/new/votre image ici.gif]
[www.ccim.be/ccim328/trucs/VIDE.gif]
[www.ccim.be/ccim328/trucs/new/christmas.js]
[www.ccim.be/ccim328/trucs/new/ringmarker.js]
[www.ccim.be/ccim328/trucs/new/linkwordmarker.js]
[www.ccim.be/ccim328/trucs/new/votre_image.gif]
[www.ccim.be/ccim328/trucs/new/flyingpopup.js]
[www.ccim.be/ccim328/trucs/static_menu.zip]
[www.ccim.be/ccim328/trucs/menu/text0.gif]
[www.ccim.be/ccim328/trucs/menu/text1.gif]
[www.ccim.be/ccim328/trucs/menu/text2.gif]
[www.ccim.be/ccim328/trucs/menu/text4.gif]
[www.ccim.be/ccim328/trucs/menu/text5.gif]
[www.ccim.be/ccim328/trucs/menu/text6.gif]
[www.ccim.be/ccim328/trucs/menu/1.gif]
[www.ccim.be/ccim328/trucs/menu/2.gif]
[www.ccim.be/ccim328/trucs/menu/3.gif]
[www.ccim.be/ccim328/trucs/menu/4.gif]
[www.ccim.be/ccim328/trucs/menu/5.gif]
[www.ccim.be/ccim328/trucs/menu/6.gif]
[www.ccim.be/ccim328/trucs/TEXT0.gif]
[www.ccim.be/ccim328/trucs/menu.zip]
[www.ccim.be/ccim328/trucs/IMGMENU.gif]
[www.ccim.be/ccim328/trucs/MENU09.gif]
[www.ccim.be/ccim328/trucs/LAYER2.gif]
[www.ccim.be/ccim328/trucs/TECH.gif]
[www.ccim.be/ccim328/trucs/LAYER1.gif]
[www.ccim.be/ccim328/trucs/wood.gif]
[www.ccim.be/ccim328/trucs/BRDSOLID.gif]
[www.ccim.be/ccim328/trucs/BRDDBLE.gif]
[www.ccim.be/ccim328/trucs/BRDGROVE.gif]
[www.ccim.be/ccim328/trucs/BRDRIDGE.gif]
[www.ccim.be/ccim328/trucs/BRDINS.gif]
[www.ccim.be/ccim328/trucs/BRDOUT.gif]
[www.ccim.be/ccim328/trucs/CURCROSS.gif]
[www.ccim.be/ccim328/trucs/CURHAND.gif]
[www.ccim.be/ccim328/trucs/CURSIZE.gif]
[www.ccim.be/ccim328/trucs/CURTEXT.gif]
[www.ccim.be/ccim328/trucs/CURPOINT.gif]
[www.ccim.be/ccim328/trucs/CURMOVE.gif]
[www.ccim.be/ccim328/trucs/CURWAIT.gif]
[www.ccim.be/ccim328/trucs/TEXTIMAG.gif]
[www.ccim.be/ccim328/trucs/popupmulti.zip]
[www.ccim.be/ccim328/trucs/barbutton.gif]
[www.ccim.be/ccim328/trucs/FLY.gif]
[www.ccim.be/ccim328/trucs/ballon.gif]
[www.ccim.be/ccim328/trucs/trail2.gif]
[www.ccim.be/ccim328/trucs/eyeballs.gif]
[www.ccim.be/ccim328/trucs/trail1.gif]
[www.ccim.be/ccim328/trucs/trail3.gif]
[www.ccim.be/ccim328/trucs/trail4.gif]
[www.ccim.be/ccim328/trucs/trail5.gif]
[www.ccim.be/ccim328/trucs/trail6.gif]
[www.ccim.be/ccim328/trucs/arrowdow.gif]
[www.ccim.be/ccim328/trucs/arrowup.gif]
[www.ccim.be/ccim328/trucs/contact.jpg]
[www.ccim.be/ccim328/trucs/SLICES.gif]
[www.ccim.be/ccim328/trucs/bgclock.gif]
[www.ccim.be/ccim328/trucs/sunset.jpg]
[www.ccim.be/ccim328/trucs/black_circle.gif]
[www.ccim.be/ccim328/trucs/bullet.gif]
[www.ccim.be/ccim328/trucs/back2.jpg]
[www.ccim.be/ccim328/trucs/chlinepix.gif]
[www.ccim.be/ccim328/trucs/clcenter.gif]
[www.ccim.be/ccim328/trucs/crcenter.gif]
[www.ccim.be/ccim328/trucs/snow.gif]
[www.ccim.be/ccim328/trucs/boule.gif]
[www.ccim.be/ccim328/trucs/snoop_l.gif]
[www.ccim.be/ccim328/trucs/snoop_r.gif]
[www.ccim.be/ccim328/trucs/bat1a.gif]
[www.ccim.be/ccim328/trucs/bat2a.gif]
[www.ccim.be/ccim328/trucs/bat3a.gif]
[www.ccim.be/ccim328/trucs/bat1.gif]
[www.ccim.be/ccim328/trucs/bat2.gif]
[www.ccim.be/ccim328/trucs/bat3.gif]
[www.ccim.be/ccim328/trucs/bat1b.gif]
[www.ccim.be/ccim328/trucs/bat2b.gif]
[www.ccim.be/ccim328/trucs/bat3b.gif]
[www.ccim.be/ccim328/trucs/ant_ne.gif]
[www.ccim.be/ccim328/trucs/ant_n.gif]
[www.ccim.be/ccim328/trucs/ant_nw.gif]
[www.ccim.be/ccim328/trucs/ant_w.gif]
[www.ccim.be/ccim328/trucs/ant_sw.gif]
[www.ccim.be/ccim328/trucs/ant_s.gif]
[www.ccim.be/ccim328/trucs/ant_se.gif]
[www.ccim.be/ccim328/trucs/ant_e.gif]
[www.ccim.be/ccim328/trucs/superball.gif]
[www.ccim.be/ccim328/trucs/star.gif]
[www.ccim.be/ccim328/trucs/knob.jpg]
[www.ccim.be/ccim328/trucs/moucheb.gif]
[www.ccim.be/ccim328/trucs/mouched.gif]
[www.ccim.be/ccim328/trucs/moucheh.gif]
[www.ccim.be/ccim328/trucs/moucheg.gif]
[www.ccim.be/ccim328/trucs/bgimg.gif]
[www.ccim.be/ccim328/trucs/bgimage.gif]
[www.ccim.be/ccim328/trucs/IE4.gif]
[www.ccim.be/ccim328/trucs/NS4.gif]
[www.ccim.be/ccim328/trucs/TECH1.gif]
[www.ccim.be/ccim328/trucs/slidefader.gif]
[www.ccim.be/ccim328/trucs/ALAPAGE.gif]
[www.ccim.be/ccim328/trucs/mwcts.gif]
[www.ccim.be/ccim328/trucs/TO.gif]
[www.ccim.be/ccim328/trucs/PGSEULE.gif]
[www.ccim.be/ccim328/trucs/memoire/BACK.gif]
[www.ccim.be/ccim328/trucs/memoire/wdglogo1.gif]
[www.ccim.be/ccim328/xml/BGPAGE.gif]
[www.ccim.be/ccim328/xml/home.gif]
[www.ccim.be/ccim328/xml/ARROWDOW.gif]
[www.ccim.be/ccim328/xml/BULLET1.gif]
[www.ccim.be/ccim328/xml/DEMOXML.gif]
[www.ccim.be/ccim328/xml/XMLICO.gif]
[www.ccim.be/ccim328/xml/XSLICO.gif]
[www.ccim.be/ccim328/xml/arrowup.gif]
[www.ccim.be/ccim328/xml/BULLET2.gif]
[www.ccim.be/ccim328/xml/SGML.gif]
[www.ccim.be/ccim328/xml/NOTEPAD.gif]
[www.ccim.be/ccim328/xml/SAVEXML.gif]
[www.ccim.be/ccim328/xml/1DOC_A.gif]
[www.ccim.be/ccim328/xml/1DOC_B.gif]
[www.ccim.be/ccim328/xml/1DOC_N.gif]
[www.ccim.be/ccim328/xml/XMLCSS1.gif]
[www.ccim.be/ccim328/xml/XMLCSS2.gif]
[www.ccim.be/ccim328/xml/simple.xml]
[www.ccim.be/ccim328/xml/simplecss.xml]
[www.ccim.be/ccim328/xml/XMLXSL2.gif]
[www.ccim.be/ccim328/xml/XMLXSL1.gif]
[www.ccim.be/ccim328/xml/simple.xsl]
[www.ccim.be/ccim328/xml/simplexsl.xml]
[www.ccim.be/ccim328/xml/ISLAND.gif]
[www.ccim.be/ccim328/xml/NOTEPAD0.gif]
[www.ccim.be/ccim328/xml/TO.gif]
[www.ccim.be/ccim328/xml/NOTEPAD1.gif]
[www.ccim.be/ccim328/xml/NOTEPAD2.gif]
[www.ccim.be/ccim328/xml/NOTEPAD5.gif]
[www.ccim.be/ccim328/xml/NOTEPAD6.gif]
[www.ccim.be/ccim328/xml/FIND.gif]
[www.ccim.be/ccim328/xml/MOVE.gif]
[www.ccim.be/ccim328/xml/SPY1.gif]
[www.ccim.be/ccim328/xml/SPY2.gif]
[www.ccim.be/ccim328/xml/SPY2B.gif]
[www.ccim.be/ccim328/xml/SPY3.gif]
[www.ccim.be/ccim328/xml/SPY4.gif]
[www.ccim.be/ccim328/xml/XMETAL.gif]
[www.ccim.be/ccim328/xml/SPACER.gif]
[www.ccim.be/ccim328/xml/xsldemo.xsl]
[www.ccim.be/ccim328/xml/SAVEXSL.gif]
[www.ccim.be/ccim328/xml/XSLDEMO.gif]
[www.ccim.be/ccim328/xml/xmldemofinal.xml]
[www.ccim.be/ccim328/xml/xsl_each.xsl]
[www.ccim.be/ccim328/xml/XSLEACH.gif]
[www.ccim.be/ccim328/xml/xml_each.xml]
[www.ccim.be/ccim328/xml/xsl_order.xsl]
[www.ccim.be/ccim328/xml/XSLORDER.gif]
[www.ccim.be/ccim328/xml/xml_order.xml]
[www.ccim.be/ccim328/xml/xsl_filter.xsl]
[www.ccim.be/ccim328/xml/XSLFILTE.gif]
[www.ccim.be/ccim328/xml/xml_filter.xml]
[www.ccim.be/ccim328/xml/xsl_if.xsl]
[www.ccim.be/ccim328/xml/XSLIF.gif]
[www.ccim.be/ccim328/xml/xml_if.xml]
[www.ccim.be/ccim328/xml/xsl_choose.xsl]
[www.ccim.be/ccim328/xml/XSLCHOIX.gif]
[www.ccim.be/ccim328/xml/xml_choose.xml]
[www.ccim.be/ccim328/xml/menu.xml]
[www.ccim.be/ccim328/xml/EYES_AN.gif]
[www.ccim.be/ccim328/xml/xml_doc.zip]
[www.ccim.be/ccim328/xml/xml_doc.pdf]
[www.ccim.be/ccim328/xml/LOGOXML.gif]
[www.ccim.be/ccim328/xml/line1.gif]
[www.ccim.be/ccim328/xhtml/BGPAGE.gif]
[www.ccim.be/ccim328/xhtml/home.gif]
[www.ccim.be/ccim328/xhtml/BULLET1.gif]
[www.ccim.be/ccim328/xhtml/ARROWDOW.gif]
[www.ccim.be/ccim328/xhtml/XETHTML.gif]
[www.ccim.be/ccim328/xhtml/w3xhtml.gif]
[www.ccim.be/ccim328/xhtml/arrowup.gif]
[www.ccim.be/ccim328/xhtml/BULLET2.gif]
[www.ccim.be/ccim328/xhtml/SGML.gif]
[www.ccim.be/ccim328/xhtml/xml.gif]
[www.ccim.be/ccim328/xhtml/w3c_home.gif]
[www.ccim.be/ccim328/xhtml/tidy.exe]
[www.ccim.be/ccim328/xhtml/EYES_AN.gif]
[www.ccim.be/ccim328/xhtml/XHTML.zip]
[www.ccim.be/ccim328/xhtml/XHTML.pdf]
[www.ccim.be/ccim328/xhtml/LOGOXHTM.gif]
[www.ccim.be/ccim328/xhtml/ICOEXPLO.gif]
[www.ccim.be/ccim328/trucs.html]
[www.ccim.be/ccim328/trucs/overlib.css]
[www.ccim.be/ccim328/trucs/overlib_fr.js]
[www.ccim.be/ccim328/trucs/testmap.html]
[www.ccim.be/ccim328/trucs/tbyeux.htm]
[www.ccim.be/ccim328/trucs/menu04.html]
[www.ccim.be/ccim328/trucs/bouton1.gif]
[www.ccim.be/ccim328/trucs/menu1.js]
[www.ccim.be/ccim328/trucs/menu.js]
[www.ccim.be/ccim328/trucs/menucontext.js]
[www.ccim.be/ccim328/trucs/menu/index.html]
[www.ccim.be/ccim328/trucs/script_original.zip]
[www.ccim.be/ccim328/trucs/menu02.html]
[www.ccim.be/ccim328/trucs/lien2.htm]
[www.ccim.be/ccim328/trucs/lien3.htm]
[www.ccim.be/ccim328/trucs/lien4.htm]
[www.ccim.be/ccim328/wap/BGPAGE.gif]
[www.ccim.be/ccim328/wap/home.gif]
[www.ccim.be/ccim328/trucs/coolmenus2.js]
[www.ccim.be/ccim328/tbtexte.htm]
[www.ccim.be/ccim328/tbimage.htm]
[www.ccim.be/ccim328/tbscroll.htm]
[www.ccim.be/ccim328/tbyeux.html]
[www.ccim.be/ccim328/trucs/tbnews.html]
[www.ccim.be/ccim328/trucs/dmtxt03.htm]
[www.ccim.be/ccim328/trucs/dmtxt04.htm]
[www.ccim.be/ccim328/trucs/topmsg.js]
[www.ccim.be/ccim328/memoire/codeRGB.html]
[www.ccim.be/ccim328/trucs/page_640x480.htm]
[www.ccim.be/ccim328/trucs/adresse_de_la_page.html]
[www.ccim.be/ccim328/trucs/popup1.html]
[www.ccim.be/ccim328/trucs/popup3.html]
[www.ccim.be/ccim328/trucs/test.htm]
[www.ccim.be/ccim328/trucs/popup-page.html]
[www.ccim.be/ccim328/trucs/win95.htm]
[www.ccim.be/ccim328/trucs/win31.htm]
[www.ccim.be/ccim328/trucs/votreimage.gif]
[www.ccim.be/ccim328/trucs/votre_image.gif]
[www.ccim.be/ccim328/trucs/test1.htm]
[www.ccim.be/ccim328/trucs/lien.htm]
[www.ccim.be/ccim328/trucs/test.html]
[www.ccim.be/ccim328/trucs/mystaticlogo.js]
[www.ccim.be/ccim328/trucs/staticlogo.js]
[www.ccim.be/ccim328/trucs/staticlogo2.js]
[www.ccim.be/ccim328/trucs/staticlogo3.js]
[www.ccim.be/ccim328/trucs/staticlogo4.js]
[www.ccim.be/ccim328/trucs/image de départ.gif]
[www.ccim.be/ccim328/trucs/image_de_départ.gif]
[www.ccim.be/ccim328/trucs/trans08bis.html]
[www.ccim.be/ccim328/trucs/trans11bis.html]
[www.ccim.be/ccim328/trucs/trans09bis.html]
[www.ccim.be/ccim328/trucs/trans20bis.html]
[www.ccim.be/ccim328/wap/line1.gif]
[www.ccim.be/ccim328/wap/ARROWDOW.gif]
[www.ccim.be/ccim328/wap/BULLET1.gif]
[www.ccim.be/ccim328/trucs/trans14bis.html]
[www.ccim.be/ccim328/trucs/trans16bis.html]
[www.ccim.be/ccim328/wap/WAP1.gif]
[www.ccim.be/ccim328/trucs/trans19bis.html]
[www.ccim.be/ccim328/trucs/trans17bis.html]
[www.ccim.be/ccim328/trucs/trans18bis.html]
[www.ccim.be/ccim328/trucs/yeux15bis.html]
[www.ccim.be/ccim328/trucs/document.dot]
[www.ccim.be/ccim328/trucs/batslib.js]
[www.ccim.be/ccim328/trucs/antslib.js]
[www.ccim.be/ccim328/trucs/yeux18bis.html]
[www.ccim.be/ccim328/trucs/preambis.htm]
[www.ccim.be/ccim328/trucs/_top.html]
[www.ccim.be/ccim328/trucs/image2.gif]
[www.ccim.be/ccim328/trucs/image3.gif]
[www.ccim.be/ccim328/trucs/image4.gif]
[www.ccim.be/ccim328/trucs/doc.htm]
[www.ccim.be/ccim328/trucs/asdujour.html]
[www.ccim.be/ccim328/trucs/keytool.htm]
[www.ccim.be/ccim328/trucs/page_obligée.htm]
[www.ccim.be/ccim328/trucs/page_neutre.htm]
[www.ccim.be/ccim328/trucs/secret.htm]
[www.ccim.be/ccim328/trucs/link02.htm]
[www.ccim.be/ccim328/trucs/lien.html]
[www.ccim.be/ccim328/trucs/lienx.html]
[www.ccim.be/ccim328/tblinks.htm]
[www.ccim.be/ccim328/wap/wae.jpg]
[www.ccim.be/ccim328/trucs/thanks.html]
[www.ccim.be/ccim328/wap/WAP.gif]
[www.ccim.be/ccim328/wap/wsp.jpg]
[www.ccim.be/ccim328/trucs/memoire/notes.html]
[www.ccim.be/ccim328/trucs/memoire/slidebar.js]
[www.ccim.be/ccim328/xml/css.css]
[www.ccim.be/ccim328/xml/islands.html]
[www.ccim.be/ccim328/xml/rec.css]
[www.ccim.be/ccim328/xml/recbg.jpg]
[www.ccim.be/ccim328/xml/xmllogo.eps]
[www.ccim.be/ccim328/xml/xml.ico]
[www.ccim.be/ccim328/xml/xml_folder_icon.sit.hqx]
[www.ccim.be/ccim328/xml/faq.sgml]
[www.ccim.be/ccim328/xml/equation.gif]
[www.ccim.be/ccim328/xml/www.markwatson.com/XMLdb_0_1.htm]
[www.ccim.be/ccim328/xml/exemple.html]
[www.ccim.be/ccim328/wap/wtp.jpg]
[www.ccim.be/ccim328/xml/menuhaut.html]
[www.ccim.be/ccim328/wap/wtls.jpg]
[www.ccim.be/ccim328/wap/wdp.jpg]
[www.ccim.be/ccim328/wap/bearer.jpg]
[www.ccim.be/ccim328/xml/menubas.html]
[www.ccim.be/ccim328/index-2.html]
[www.ccim.be/ccim328/xhtml/compact.html]
[www.ccim.be/ccim328/xhtml/xhtml1-strict.html]
[www.ccim.be/ccim328/xhtml/xhtml1-transitional_dtd.htm]
[www.ccim.be/ccim328/xhtml/xhtml1-frameset_dtd.htm]
[www.ccim.be/ccim328/xhtml/cleanup.htm]
[www.ccim.be/ccim328/xsl/index.htm]
[www.ccim.be/ccim328/wap/BULLET2.gif]
[www.ccim.be/ccim328/wap/XMLGIF.gif]
[www.ccim.be/ccim328/wap/xml.gif]
[www.ccim.be/ccim328/wap/ECRAN.gif]
[www.ccim.be/ccim328/wap/WBMPEX1.gif]
[www.ccim.be/ccim328/wap/WBMPEX2.gif]
[www.ccim.be/ccim328/wap/NOTEPAD.gif]
[www.ccim.be/ccim328/wap/WBMPEX3.gif]
[www.ccim.be/ccim328/wap/WAPTOR.gif]
[www.ccim.be/ccim328/wap/DOTWAP1.gif]
[www.ccim.be/ccim328/wap/DOTWAP2.gif]
[www.ccim.be/ccim328/wap/DREAM1.gif]
[www.ccim.be/ccim328/wap/DREAM2.gif]
[www.ccim.be/ccim328/wap/M3GATE.gif]
[www.ccim.be/ccim328/wap/YOSPACE.gif]
[www.ccim.be/ccim328/wap/WINWAP.gif]
[www.ccim.be/ccim328/wap/TOOLKIT.gif]
[www.ccim.be/ccim328/wap/ERIC1.gif]
[www.ccim.be/ccim328/wap/ERIC2.gif]
[www.ccim.be/ccim328/wap/MOTOROLA.gif]
[www.ccim.be/ccim328/wap/OPENWARE.gif]
[www.ccim.be/ccim328/wap/FORMEWML.gif]
[www.ccim.be/ccim328/wap/EL_CARD.gif]
[www.ccim.be/ccim328/wap/EL_P.gif]
[www.ccim.be/ccim328/wap/EL_B.gif]
[www.ccim.be/ccim328/wap/dtd.html]
[www.ccim.be/ccim328/wap/EL_I.gif]
[www.ccim.be/ccim328/wap/EL_BIG.gif]
[www.ccim.be/ccim328/wap/EL_U.gif]
[www.ccim.be/ccim328/wap/EL_SMALL.gif]
[www.ccim.be/ccim328/wap/EL_EM.gif]
[www.ccim.be/ccim328/wap/EL_STRNG.gif]
[www.ccim.be/ccim328/wap/EL_PLUS.gif]
[www.ccim.be/ccim328/wap/LIEN0.gif]
[www.ccim.be/ccim328/wap/EL_TABLE.gif]
[www.ccim.be/ccim328/wap/TABERIC.gif]
[www.ccim.be/ccim328/wap/TABYOSP.gif]
[www.ccim.be/ccim328/wap/IMGTOP.gif]
[www.ccim.be/ccim328/wap/IMGMID.gif]
[www.ccim.be/ccim328/wap/IMGBOT.gif]
[www.ccim.be/ccim328/wap/EL_IMG.gif]
[www.ccim.be/ccim328/wap/pic2wbmp.zip]
[www.ccim.be/ccim328/wap/PIC2WBMP.gif]
[www.ccim.be/ccim328/wap/EL_EVEN1.gif]
[www.ccim.be/ccim328/wap/EL_EVEN2.gif]
[www.ccim.be/ccim328/wap/EL_TEMP1.gif]
[www.ccim.be/ccim328/wap/EL_DO1.gif]
[www.ccim.be/ccim328/wap/EL_TEMP2.gif]
[www.ccim.be/ccim328/wap/EL_TEMP3.gif]
[www.ccim.be/ccim328/wap/EL_ZONE1.gif]
[www.ccim.be/ccim328/wap/EL_ZONE2.gif]
[www.ccim.be/ccim328/wap/EL_ZONE3.gif]
[www.ccim.be/ccim328/wap/EL_ZONE4.gif]
[www.ccim.be/ccim328/wap/EL_ZONE5.gif]
[www.ccim.be/ccim328/wap/EL_OPTU1.gif]
[www.ccim.be/ccim328/wap/EL_OPTU2.gif]
[www.ccim.be/ccim328/wap/EL_OPTU3.gif]
[www.ccim.be/ccim328/wap/EL_OPTU4.gif]
[www.ccim.be/ccim328/wap/EL_OPTM1.gif]
[www.ccim.be/ccim328/wap/EL_OPTM2.gif]
[www.ccim.be/ccim328/wap/EL_OPTM3.gif]
[www.ccim.be/ccim328/wap/EL_OPTM4.gif]
[www.ccim.be/ccim328/wap/EYES_AN.gif]
[www.ccim.be/ccim328/wap/wap_wml.zip]
[www.ccim.be/ccim328/wap/wap_wml.pdf]
[www.ccim.be/ccim328/wap/wap_wml.chm]
[www.ccim.be/ccim328/wap/LOGO.gif]
[www.ccim.be/ccim328/xsl/ICONETSC.gif]
[www.ccim.be/ccim328/xsl/ICOPERA.gif]
[www.ccim.be/ccim328/htmlplus/EX1NETS.gif]
[www.ccim.be/ccim328/htmlplus/EX1EXPLO.gif]
[www.ccim.be/ccim328/htmlplus/EX2NETS.gif]
[www.ccim.be/ccim328/htmlplus/EX2EXPL.gif]
[www.ccim.be/ccim328/htmlplus/EX3NETS.gif]
[www.ccim.be/ccim328/htmlplus/EX3EXPL.gif]
[www.ccim.be/ccim328/htmlplus/EX4NETS.gif]
[www.ccim.be/ccim328/htmlplus/EX4EXPL.gif]
[www.ccim.be/ccim328/htmlplus/COMPMIE.gif]
[www.ccim.be/ccim328/htmlplus/COMPNETS.gif]
[www.ccim.be/ccim328/htmlplus/COMPWEB.gif]
[www.ccim.be/ccim328/htmlplus/I100.gif]
[www.ccim.be/ccim328/htmlplus/I30.gif]
[www.ccim.be/ccim328/htmlplus/I55.gif]
[www.ccim.be/ccim328/htmlplus/I70.gif]
[www.ccim.be/ccim328/htmlplus/I85.gif]
[www.ccim.be/ccim328/htmlplus/palwin.gif]
[www.ccim.be/ccim328/htmlplus/palmac.gif]
[www.ccim.be/ccim328/htmlplus/DITHER.gif]
[www.ccim.be/ccim328/htmlplus/safepal.gif]
[www.ccim.be/ccim328/htmlplus/netscape.html]
[www.ccim.be/ccim328/htmlplus/explorer.pal]
[www.ccim.be/ccim328/html/ARROLEFT.gif]
[www.ccim.be/ccim328/html/HURLUS.gif]
[www.ccim.be/ccim328/html/Clock.class]
[www.ccim.be/ccim328/html/glossair/BGPAGE.gif]
[www.ccim.be/ccim328/download/composer.pdf]
[www.ccim.be/ccim328/htmlsp/blue.gif]
[www.ccim.be/ccim328/htmlsp/DESCARGA.gif]
[www.ccim.be/ccim328/htmlsp/france.gif]
[www.ccim.be/ccim328/htmlsp/Pubhtml.gif]
[www.ccim.be/ccim328/htmlsp/line1.gif]
[www.ccim.be/ccim328/htmlsp/ICONETSC.gif]
[www.ccim.be/ccim328/htmlsp/ICOEXPLO.gif]
[www.ccim.be/ccim328/Htmlplus/DHTMLGIF.gif]
[www.ccim.be/ccim328/Htmlplus/trait.gif]
[www.ccim.be/ccim328/html/dreamweaver/BARRE.gif]
[www.ccim.be/ccim328/html/dreamweaver/TITRE.gif]
[www.ccim.be/ccim328/html/dreamweaver/BARPROP.gif]
[www.ccim.be/ccim328/html/dreamweaver/TAILLE7.gif]
[www.ccim.be/ccim328/html/dreamweaver/GRAS.gif]
[www.ccim.be/ccim328/html/dreamweaver/COLOR.gif]
[www.ccim.be/ccim328/html/dreamweaver/CENTRER.gif]
[www.ccim.be/ccim328/html/dreamweaver/COLOR1.gif]
[www.ccim.be/ccim328/html/dreamweaver/TAB1.gif]
[www.ccim.be/ccim328/html/dreamweaver/PUCE.gif]
[www.ccim.be/ccim328/html/dreamweaver/CIBLE.gif]
[www.ccim.be/ccim328/html/dreamweaver/CIBLE1.gif]
[www.ccim.be/ccim328/html/dreamweaver/TAB2.gif]
[www.ccim.be/ccim328/html/dreamweaver/COLOR2.gif]
[www.ccim.be/ccim328/html/fp2000/INDEX.gif]
[www.ccim.be/ccim328/html/fp2000/TAILLE.gif]
[www.ccim.be/ccim328/html/fp2000/GRAS.gif]
[www.ccim.be/ccim328/html/fp2000/CENTRER.gif]
[www.ccim.be/ccim328/html/fp2000/COLOR3.gif]
[www.ccim.be/ccim328/html/fp2000/TAB1.gif]
[www.ccim.be/ccim328/html/fp2000/PUCE.gif]
[www.ccim.be/ccim328/html/fp2000/LIEN1.gif]
[www.ccim.be/ccim328/html/fp2000/LIEN2.gif]
[www.ccim.be/ccim328/html/fp2000/TAB2.gif]
[www.ccim.be/ccim328/html/fp2000/BACK.gif]
[www.ccim.be/ccim328/html/fp2000/SAVE2.gif]
[www.ccim.be/ccim328/html/webexpert/INDEX.gif]
[www.ccim.be/ccim328/html/webexpert/TITRE0.gif]
[www.ccim.be/ccim328/html/webexpert/TITRE.gif]
[www.ccim.be/ccim328/html/webexpert/COMMUN.gif]
[www.ccim.be/ccim328/html/webexpert/TAILLE0.gif]
[www.ccim.be/ccim328/html/webexpert/GRAS.gif]
[www.ccim.be/ccim328/html/webexpert/CENTRE.gif]
[www.ccim.be/ccim328/html/webexpert/COLOR.gif]
[www.ccim.be/ccim328/html/webexpert/BR.gif]
[www.ccim.be/ccim328/html/webexpert/P.gif]
[www.ccim.be/ccim328/html/webexpert/TAILLE.gif]
[www.ccim.be/ccim328/html/webexpert/TAB.gif]
[www.ccim.be/ccim328/html/webexpert/TAB1.gif]
[www.ccim.be/ccim328/html/webexpert/TAB2.gif]
[www.ccim.be/ccim328/html/webexpert/PUCE.gif]
[www.ccim.be/ccim328/html/webexpert/LIEN.gif]
[www.ccim.be/ccim328/html/webexpert/LIEN1.gif]
[www.ccim.be/ccim328/html/webexpert/LIEN2.gif]
[www.ccim.be/ccim328/html/webexpert/BODY.gif]
[www.ccim.be/ccim328/html/webexpert/COLOR1.gif]
[www.ccim.be/ccim328/html/webexpert/SAVE2.gif]
[www.ccim.be/ccim328/html/webexpert/INTERNE.gif]
[www.ccim.be/ccim328/html/webexpert/ANCRER.gif]
[www.ccim.be/ccim328/html/webexpert/ACTUAL.gif]
[www.ccim.be/ccim328/html/golive/PAL1.gif]
[www.ccim.be/ccim328/html/golive/INDEX.gif]
[www.ccim.be/ccim328/html/golive/PAL2.gif]
[www.ccim.be/ccim328/html/golive/PAGE.gif]
[www.ccim.be/ccim328/html/clokjava.htm]
[www.ccim.be/ccim328/html/glossair/glossair.htm]
[www.ccim.be/ccim328/htmlsp/Preamb.htm]
[www.ccim.be/ccim328/htmlsp/Htminter.htm]
[www.ccim.be/ccim328/htmlsp/1outils.htm]
[www.ccim.be/ccim328/htmlsp/docmini.htm]
[www.ccim.be/ccim328/htmlsp/Texte.htm]
[www.ccim.be/ccim328/htmlsp/Txtencor.htm]
[www.ccim.be/ccim328/htmlsp/T-etList.htm]
[www.ccim.be/ccim328/htmlsp/Liens.htm]
[www.ccim.be/ccim328/htmlsp/Images.htm]
[www.ccim.be/ccim328/htmlsp/Horizon.htm]
[www.ccim.be/ccim328/htmlsp/backgrnd.htm]
[www.ccim.be/ccim328/htmlsp/tableaux.htm]
[www.ccim.be/ccim328/htmlsp/cellules.htm]
[www.ccim.be/ccim328/htmlsp/frames.htm]
[www.ccim.be/ccim328/htmlsp/choix.htm]
[www.ccim.be/ccim328/htmlsp/conseils.htm]
[www.ccim.be/ccim328/html/golive/PAL3.gif]
[www.ccim.be/ccim328/html/golive/CONFIRM.gif]
[www.ccim.be/ccim328/htmlsp/Htmsuite.htm]
[www.ccim.be/ccim328/htmlsp/REF.htm]
[www.ccim.be/ccim328/html/golive/GRILLE1.gif]
[www.ccim.be/ccim328/htmlsp/speciaux.htm]
[www.ccim.be/ccim328/htmlsp/colors.htm]
[www.ccim.be/ccim328/html/golive/BOX.gif]
[www.ccim.be/ccim328/html/golive/CENTER.gif]
[www.ccim.be/ccim328/html/golive/GRILLE2.gif]
[www.ccim.be/ccim328/html/golive/FORMAT.gif]
[www.ccim.be/ccim328/html/golive/SITE.gif]
[www.ccim.be/ccim328/html/golive/ONGLET.gif]
[www.ccim.be/ccim328/html/golive/TEXTE.gif]
[www.ccim.be/ccim328/html/golive/LISTE.gif]
[www.ccim.be/ccim328/html/golive/LINK0.gif]
[www.ccim.be/ccim328/html/golive/LINK1.gif]
[www.ccim.be/ccim328/html/golive/LINK2.gif]
[www.ccim.be/ccim328/htmlsp/auteur.htm]
[www.ccim.be/ccim328/htmlsp/down.htm]
[www.ccim.be/StyleSheets/TR/rec.css]
[www.ccim.be/Icons/Backgrounds/recbg.jpg]
[www.ccim.be/ccim328/html/namo/GRAS.gif]
[www.ccim.be/ccim328/html/namo/TAILLE.gif]
[www.ccim.be/ccim328/html/namo/CENTRE.gif]
[www.ccim.be/ccim328/Htmlplus/metaeven.htm]
[www.ccim.be/ccim328/html/dreamweaver/dream3.html]
[www.ccim.be/ccim328/html/fp2000/fp20003.html]
[www.ccim.be/ccim328/html/webexpert/webexpert3.html]
[www.ccim.be/ccim328/html/golive/golive3.html]
[www.ccim.be/ccim328/html/namo/namo3.html]
[www.ccim.be/ccim328/html/namo/COLOR.gif]
[www.ccim.be/ccim328/html/namo/COLOR1.gif]
[www.ccim.be/ccim328/html/namo/TAB1.gif]
[www.ccim.be/ccim328/html/namo/PUCES.gif]
[www.ccim.be/ccim328/html/namo/LIEN2.gif]
[www.ccim.be/ccim328/html/namo/BGCOLOR.gif]
[www.ccim.be/ccim328/html/namo/SAVE1.gif]
[www.ccim.be/ccim328/html/namo/LIEN1.gif]
[www.ccim.be/ccim328/html/namo/SAVE2.gif]
[www.ccim.be/ccim328/html/fpxpress/frontpx3.htm]
[www.ccim.be/ccim328/html/fpxpress/FLECHES.gif]
[www.ccim.be/ccim328/html/fpxpress/BTITRE.gif]
[www.ccim.be/ccim328/html/fpxpress/CENTER.gif]
[www.ccim.be/ccim328/html/fpxpress/APLUS.gif]
[www.ccim.be/ccim328/html/fpxpress/GRAS.gif]
[www.ccim.be/ccim328/html/fpxpress/COLOR.gif]
[www.ccim.be/ccim328/html/fpxpress/AMOINS.gif]
[www.ccim.be/ccim328/html/fpxpress/LIENS.gif]
[www.ccim.be/ccim328/html/fpxpress/CRERLIEN.gif]
[www.ccim.be/ccim328/html/fpxpress/ERREUR.gif]
[www.ccim.be/ccim328/html/fpxpress/BACKGR.gif]
[www.ccim.be/ccim328/html/fpxpress/SAVE.gif]
[www.ccim.be/ccim328/html/fpxpress/index.htm]
[www.ccim.be/ccim328/html/composer/compos3.htm]
[www.ccim.be/ccim328/html/composer/CONSUL0.gif]
[www.ccim.be/ccim328/html/composer/CONSUL.gif]
[www.ccim.be/ccim328/html/composer/CONSUL2.gif]
[www.ccim.be/ccim328/html/composer/ALIGN.gif]
[www.ccim.be/ccim328/html/composer/TAILLE.gif]
[www.ccim.be/ccim328/html/composer/CENTRE.gif]
[www.ccim.be/ccim328/html/composer/GRAS.gif]
[www.ccim.be/ccim328/html/composer/COLOR.gif]
[www.ccim.be/ccim328/html/composer/PUCES.gif]
[www.ccim.be/ccim328/html/composer/LIEN.gif]
[www.ccim.be/ccim328/html/composer/LIEN1.gif]
[www.ccim.be/ccim328/html/composer/COULEUR.gif]
[www.ccim.be/ccim328/html/composer/COULEUR1.gif]
[www.ccim.be/ccim328/html/composer/APERCU.gif]
[www.ccim.be/ccim328/html/composer/SAVE.gif]
[www.ccim.be/ccim328/html/composer/PTCOMP.gif]
[www.ccim.be/ccim328/html/composer/index.htm]
[www.ccim.be/ccim328/js/tabmatsc.htm]
[www.ccim.be/ccim328/js/enfant1.htm]
[www.ccim.be/ccim328/js/enfant2.htm]
[www.ccim.be/ccim328/vb/tbsc.htm]
[www.ccim.be/ccim328/archi/tb.htm]
[www.ccim.be/ccim328/archi/sources/sammag.GIF]
[www.ccim.be/ccim328/archi/sources/courbes.GIF]
[www.ccim.be/ccim328/archi/sources/webquigagne.GIF]
[www.ccim.be/ccim328/archi/sources/flechette.GIF]
[www.ccim.be/ccim328/archi/sources/victoire.GIF]
[www.ccim.be/ccim328/archi/sources/trait_80GIF.GIF]
[www.ccim.be/ccim328/trucs/xsearch/db.js]
[www.ccim.be/ccim328/trucs/xsearch/xsearch-5.0.js]
[www.ccim.be/ccim328/trucs/xsearch/test.html]
[www.ccim.be/ccim328/trucs/new/searchalta.html]
[www.ccim.be/ccim328/trucs/new/yeux20bis.htm]
[www.ccim.be/ccim328/trucs/new/cupidon.gif]
[www.ccim.be/ccim328/trucs/new/yeux22bis.html]
[www.ccim.be/ccim328/trucs/select.gif]
[www.ccim.be/ccim328/trucs/new/elch.gif]
[www.ccim.be/ccim328/trucs/index-2.html]
[www.nedstat.nl/cgi-bin/nedstat09b4.gif]
[www.nedstat.nl/cgi-bin/referstatda2c.gif]
[www.bosrup.com/web/overlib/o2/tr.gif]
[www.ccim.be/ccim328/trucs/votre_image.jpg]
[www.ccim.be/ccim328/trucs/bouton2.gif]
[www.ccim.be/ccim328/trucs/menucontext1.js]
[www.ccim.be/ccim328/trucs/lien6.htm]
[www.ccim.be/ccim328/trucs/lien7.htm]
[www.ccim.be/ccim328/trucs/lien8.htm]
[www.ccim.be/ccim328/trucs/lien9.htm]
[www.ccim.be/ccim328/trucs/lien1.htm]
[www.ccim.be/ccim328/trucs/lien5.htm]
[www.ccim.be/ccim328/tbnew.html]
[www.ccim.be/ccim328/trucs/MENU08.gif]
[www.ccim.be/ccim328/trucs/adresse_page.htm]
[www.ccim.be/ccim328/trucs/popup2.html]
[www.ccim.be/ccim328/trucs/mac.htm]
[www.ccim.be/ccim328/trucs/win.html]
[www.ccim.be/ccim328/trucs/image.gif]
[www.ccim.be/ccim328/trucs/eye.gif]
[www.ccim.be/ccim328/trucs/COVER.gif]
[www.ccim.be/ccim328/trucs/adresse_page.html]
[www.ccim.be/ccim328/trucs/snoop.gif]
[www.ccim.be/ccim328/trucs/page.htm]
[www.ccim.be/ccim328/trucs/image1.gif]
[www.ccim.be/ccim328/trucs/tilt.gif]
[www.ccim.be/ccim328/trucs/PUBHTM1.gif]
[www.ccim.be/ccim328/trucs/clef.htm]
[www.ccim.be/ccim328/trucs/FRAME.gif]
[www.ccim.be/ccim328/trucs/loadbarbis.html]
[www.ccim.be/ccim328/xml/xml.gif]
[www.ccim.be/ccim328/trucs/lieny.html]
[www.ccim.be/ccim328/xml/w3c_home.gif]
[www.ccim.be/ccim328/xml/xml.xpm]
[www.ccim.be/ccim328/xml/menuseul.XML]
[www.ccim.be/ccim328/xml/JSICO.gif]
[www.ccim.be/ccim328/xml/explicxml.html]
[www.ccim.be/ccim328/xml/explicxsl.html]
[www.ccim.be/ccim328/xml/menus.js]
[www.ccim.be/ccim328/xml/explicjs.html]
[www.ccim.be/ccim328/bg.htm]
[www.ccim.be/ccim328/titre.htm]
[www.ccim.be/ccim328/xhtml/BACK.gif]
[www.ccim.be/ccim328/xhtml/xmlsuitebis.html]
[www.ccim.be/ccim328/xhtml/grid.gif]
[www.ccim.be/ccim328/xhtml/tidy.gif]
[www.ccim.be/ccim328/wap/EL_DO0.gif]
[www.ccim.be/ccim328/html/glossair/A-M.gif]
[www.ccim.be/ccim328/html/glossair/home.gif]
[www.geocities.com/SiliconValley/1057/images/TidyHTML.GIF]
[www.ccim.be/ccim328/html/glossair/N-Z.gif]
[www.ccim.be/ccim328/html/glossair/tout.htm]
[www.ccim.be/ccim328/html/glossair/A.htm]
[www.ccim.be/ccim328/html/glossair/B.htm]
[www.ccim.be/ccim328/html/glossair/C.htm]
[www.ccim.be/ccim328/html/glossair/D.htm]
[www.ccim.be/ccim328/html/glossair/E.htm]
[www.ccim.be/ccim328/html/glossair/F.htm]
[www.ccim.be/ccim328/html/glossair/G.htm]
[www.ccim.be/ccim328/html/glossair/H.htm]
[www.ccim.be/ccim328/html/glossair/I.htm]
[www.ccim.be/ccim328/html/glossair/J.htm]
[www.ccim.be/ccim328/html/glossair/K.htm]
[www.ccim.be/ccim328/html/glossair/L.htm]
[www.ccim.be/ccim328/html/glossair/M.htm]
[www.ccim.be/ccim328/html/glossair/N.htm]
[www.ccim.be/ccim328/html/glossair/O.htm]
[www.ccim.be/ccim328/html/glossair/P.htm]
[www.ccim.be/ccim328/html/glossair/Q.htm]
[www.ccim.be/ccim328/html/glossair/R.htm]
[www.ccim.be/ccim328/html/glossair/S.htm]
[www.ccim.be/ccim328/html/glossair/T.htm]
[www.ccim.be/ccim328/html/glossair/U.htm]
[www.ccim.be/ccim328/html/glossair/V.htm]
[www.ccim.be/ccim328/html/glossair/W.htm]
[www.ccim.be/ccim328/html/glossair/X.htm]
[www.ccim.be/ccim328/html/glossair/Y.htm]
[www.ccim.be/ccim328/html/glossair/Z.htm]
[www.ccim.be/ccim328/htmlsp/HOME.gif]
[www.ccim.be/ccim328/htmlsp/BGPAGE.gif]
[www.ccim.be/ccim328/htmlsp/ARROWUP.gif]
[www.ccim.be/ccim328/htmlsp/ARROWDOW.gif]
[www.ccim.be/ccim328/htmlsp/paragraf.gif]
[www.ccim.be/ccim328/htmlsp/butt4.gif]
[www.ccim.be/ccim328/htmlsp/butt2.gif]
[www.ccim.be/ccim328/htmlsp/vide.gif]
[www.ccim.be/ccim328/htmlsp/GIF3.gif]
[www.ccim.be/ccim328/htmlsp/GIF2B.gif]
[www.ccim.be/ccim328/htmlsp/GIF1.gif]
[www.ccim.be/ccim328/htmlsp/GIF4.gif]
[www.ccim.be/ccim328/htmlsp/GIF5.gif]
[www.ccim.be/ccim328/htmlsp/MEME.gif]
[www.ccim.be/ccim328/htmlsp/GIF7.gif]
[www.ccim.be/ccim328/htmlsp/GIF8.gif]
[www.ccim.be/ccim328/htmlsp/STAQUET.gif]
[www.ccim.be/ccim328/htmlsp/GIF17.gif]
[www.ccim.be/ccim328/htmlsp/GIF18.gif]
[www.ccim.be/ccim328/htmlsp/GIF19.gif]
[www.ccim.be/ccim328/htmlsp/GIF9.gif]
[www.ccim.be/ccim328/htmlsp/GIF10.gif]
[www.ccim.be/ccim328/htmlsp/GIF11.gif]
[www.ccim.be/ccim328/htmlsp/paper.gif]
[www.ccim.be/ccim328/htmlsp/GIF12.gif]
[www.ccim.be/ccim328/htmlsp/GIF13.gif]
[www.ccim.be/ccim328/htmlsp/GIF14.gif]
[www.ccim.be/ccim328/htmlsp/GIF15.gif]
[www.ccim.be/ccim328/htmlsp/MaVille.htm]
[www.ccim.be/ccim328/htmlsp/GIF16.gif]
[www.ccim.be/ccim328/htmlsp/GIF20.gif]
[www.ccim.be/ccim328/htmlsp/GIF21.gif]
[www.ccim.be/ccim328/htmlsp/GIF23.gif]
[www.ccim.be/ccim328/htmlsp/GIF22.gif]
[www.ccim.be/ccim328/htmlsp/GIF24.gif]
[www.ccim.be/ccim328/htmlsp/GIF25.gif]
[www.ccim.be/ccim328/htmlsp/GIF26.gif]
[www.ccim.be/ccim328/htmlsp/GIF27.gif]
[www.ccim.be/ccim328/htmlsp/GIF28.gif]
[www.ccim.be/ccim328/htmlsp/GIF29.gif]
[www.ccim.be/ccim328/htmlsp/GIF30.gif]
[www.ccim.be/ccim328/htmlsp/GIF31.gif]
[www.ccim.be/ccim328/htmlsp/GIF32.gif]
[www.ccim.be/ccim328/htmlsp/B.htm]
[www.ccim.be/ccim328/htmlsp/C.htm]
[www.ccim.be/ccim328/htmlsp/dotsbani.gif]
[www.ccim.be/ccim328/htmlsp/exclaim.gif]
[www.ccim.be/ccim328/htmlsp/ABC.gif]
[www.ccim.be/ccim328/htmlsp/GIF33.gif]
[www.ccim.be/ccim328/htmlsp/eyes.gif]
[www.ccim.be/ccim328/htmlsp/clock.htm]
[www.ccim.be/ccim328/htmlsp/iglésia.gif]
[www.ccim.be/ccim328/htmlsp/html_sp.zip]
[www.ccim.be/ccim328/download/html_sp.pdf]
[www.ccim.be/ccim328/Htmlplus/w3c.gif]
[www.ccim.be/ccim328/html/dreamweaver/DROITE.gif]
[www.ccim.be/ccim328/html/dreamweaver/LIEN.gif]
[www.ccim.be/ccim328/html/dreamweaver/TAB3.gif]
[www.ccim.be/ccim328/html/dreamweaver/TABCENT.gif]
[www.ccim.be/ccim328/html/dreamweaver/TAB4.gif]
[www.ccim.be/ccim328/html/dreamweaver/TAB5.gif]
[www.ccim.be/ccim328/html/fp2000/DROITE.gif]
[www.ccim.be/ccim328/html/fp2000/TAB3.gif]
[www.ccim.be/ccim328/html/fp2000/BACK1.gif]
[www.ccim.be/ccim328/html/webexpert/CHANTEUR.gif]
[www.ccim.be/ccim328/html/webexpert/HEAD.gif]
[www.ccim.be/ccim328/html/webexpert/DROITE.gif]
[www.ccim.be/ccim328/html/webexpert/TAB3.gif]
[www.ccim.be/ccim328/html/webexpert/SAVE1.gif]
[www.ccim.be/ccim328/html/golive/OPEN.gif]
[www.ccim.be/ccim328/html/golive/COLOR.gif]
[www.ccim.be/ccim328/html/golive/LAYOUT.gif]
[www.ccim.be/ccim328/html/golive/DROITE.gif]
[www.ccim.be/ccim328/html/golive/DROITE1.gif]
[www.ccim.be/ccim328/html/golive/LINK3.gif]
[www.ccim.be/ccim328/html/golive/CENTER1.gif]
[www.ccim.be/ccim328/html/golive/CENTER2.gif]
[www.ccim.be/ccim328/html/golive/TAB1.gif]
[www.ccim.be/ccim328/html/golive/TAB2.gif]
[www.ccim.be/ccim328/html/fpxpress/DROITE.gif]
[www.ccim.be/ccim328/html/fpxpress/CHANT1.gif]
[www.ccim.be/ccim328/html/fpxpress/CHANT2.gif]
[www.ccim.be/ccim328/html/fpxpress/CHANT3.gif]
[www.ccim.be/ccim328/html/composer/CHANT1.gif]
[www.ccim.be/ccim328/html/composer/DROITE.gif]
[www.ccim.be/ccim328/html/composer/CHANT2.gif]
[www.ccim.be/ccim328/html/composer/CHANT3.gif]
[www.ccim.be/ccim328/trucs/menu/text3.gif]
[www.ccim.be/ccim328/xml/xmldemo.xml]
[www.ccim.be/ccim328/xml/menu.xsl]
[www.ccim.be/ccim328/htmlsp/HURLUS.gif]
[www.ccim.be/ccim328/htmlsp/Clock.class]
[www.ccim.be/ccim328/Htmlplus/pullout.html]
[www.ccim.be/ccim328/html/dreamweaver/dream4.html]
[www.ccim.be/ccim328/html/fp2000/fp20004.html]
[www.ccim.be/ccim328/html/webexpert/webexpert4.html]
[www.ccim.be/ccim328/html/golive/golive4.html]
[www.ccim.be/ccim328/html/namo/namo4.html]
[www.ccim.be/ccim328/html/fpxpress/frontpx4.htm]
[www.ccim.be/ccim328/html/composer/compos5.htm]
[www.ccim.be/ccim328/html/fpxpress/Mon site Internet/chanteur.htm]
[www.ccim.be/ccim328/html/fpxpress/Mon site Internet/sport.htm]
[www.ccim.be/ccim328/trucs/xsearch/xsearch.css]
[www.ccim.be/ccim328/tbtrans.htm]
[www.ccim.be/ccim328/trucs/URL.htm]
[www.ccim.be/ccim328/trucs/loadbar.htm]
[www.ccim.be/ccim328/htmlsp/clokjava.htm]
[www.ccim.be/ccim328/html/dreamweaver/dream5.html]
[www.ccim.be/ccim328/html/fp2000/APERCU.gif]
[www.ccim.be/ccim328/html/fp2000/fp20005.html]
[www.ccim.be/ccim328/html/webexpert/EXTERNE.gif]
[www.ccim.be/ccim328/html/golive/SHOWIN.gif]
[www.ccim.be/ccim328/html/webexpert/webexpert5.html]
[www.ccim.be/ccim328/html/golive/golive5.html]
[www.ccim.be/ccim328/html/namo/namo5.html]
[www.ccim.be/ccim328/html/fpxpress/frontpx5.htm]
[www.ccim.be/ccim328/html/fpxpress/EXPLORER.gif]
[www.ccim.be/ccim328/html/composer/SPORT1.gif]
[www.ccim.be/ccim328/html/composer/compos6.htm]
[www.ccim.be/ccim328/html/composer/SPORT2.gif]
[www.ccim.be/ccim328/html/composer/HR1.gif]
[www.ccim.be/ccim328/trucs/loadbar.gif]
[www.ccim.be/ccim328/html/fpxpress/Mon site Internet/portrait.htm]
[www.ccim.be/ccim328/html/dreamweaver/TAB6.gif]
[www.ccim.be/ccim328/html/dreamweaver/dream6.html]
[www.ccim.be/ccim328/html/dreamweaver/TAB8.gif]
[www.ccim.be/ccim328/html/dreamweaver/HR.gif]
[www.ccim.be/ccim328/html/dreamweaver/HR1.gif]
[www.ccim.be/ccim328/html/dreamweaver/CEL1.gif]
[www.ccim.be/ccim328/html/dreamweaver/HR2.gif]
[www.ccim.be/ccim328/html/fp2000/fp20006.html]
[www.ccim.be/ccim328/html/fp2000/TAB4.gif]
[www.ccim.be/ccim328/html/fp2000/CEL1.gif]
[www.ccim.be/ccim328/html/fp2000/HR.gif]
[www.ccim.be/ccim328/html/fp2000/HR1.gif]
[www.ccim.be/ccim328/html/webexpert/webexpert6.html]
[www.ccim.be/ccim328/html/webexpert/LOISIRS.gif]
[www.ccim.be/ccim328/html/webexpert/TAB4.gif]
[www.ccim.be/ccim328/html/webexpert/CELL.gif]
[www.ccim.be/ccim328/html/webexpert/TAB5.gif]
[www.ccim.be/ccim328/html/webexpert/HR.gif]
[www.ccim.be/ccim328/html/webexpert/HR1.gif]
[www.ccim.be/ccim328/html/webexpert/EXPLORPT.gif]
[www.ccim.be/ccim328/html/golive/TAB3.gif]
[www.ccim.be/ccim328/html/golive/TAB4.gif]
[www.ccim.be/ccim328/html/golive/golive6.html]
[www.ccim.be/ccim328/html/golive/TAB5.gif]
[www.ccim.be/ccim328/html/golive/HR.gif]
[www.ccim.be/ccim328/html/golive/HR1.gif]
[www.ccim.be/ccim328/html/namo/namo6.html]
[www.ccim.be/ccim328/html/fpxpress/frontpx6.htm]
[www.ccim.be/ccim328/html/fpxpress/SPORT1.gif]
[www.ccim.be/ccim328/html/fpxpress/SPORT2.gif]
[www.ccim.be/ccim328/html/composer/PORTRAIT.gif]
[www.ccim.be/ccim328/html/composer/PORT2.gif]
[www.ccim.be/ccim328/html/composer/compos7.htm]
[www.ccim.be/ccim328/html/composer/HR2.gif]
[www.ccim.be/ccim328/html/composer/HR3.gif]
[www.ccim.be/ccim328/html/composer/NETSCAPE.gif]
[www.ccim.be/ccim328/html/dreamweaver/dream7.html]
[www.ccim.be/ccim328/html/dreamweaver/TABLAST.gif]
[www.ccim.be/ccim328/html/dreamweaver/PORT2.gif]
[www.ccim.be/ccim328/html/dreamweaver/EXPLORER.gif]
[www.ccim.be/ccim328/html/dreamweaver/TAB7.gif]
[www.ccim.be/ccim328/html/fp2000/fp20007.html]
[www.ccim.be/ccim328/html/fp2000/TAB5.gif]
[www.ccim.be/ccim328/html/fp2000/PORT2.gif]
[www.ccim.be/ccim328/html/fp2000/EXPLORER.gif]
[www.ccim.be/ccim328/html/webexpert/webexpert7.html]
[www.ccim.be/ccim328/html/webexpert/CHINOIS.gif]
[www.ccim.be/ccim328/html/webexpert/TAB6.gif]
[www.ccim.be/ccim328/html/webexpert/PORT2.gif]
[www.ccim.be/ccim328/html/webexpert/EXPLORER.gif]
[www.ccim.be/ccim328/html/golive/golive7.html]
[www.ccim.be/ccim328/html/golive/TAB6.gif]
[www.ccim.be/ccim328/html/golive/PORT2.gif]
[www.ccim.be/ccim328/html/golive/EXPLORER.gif]
[www.ccim.be/ccim328/html/namo/PORT2.gif]
[www.ccim.be/ccim328/html/namo/namo7.html]
[www.ccim.be/ccim328/html/namo/EXPLORER.gif]
[www.ccim.be/ccim328/html/fpxpress/frontpx7.htm]
[www.ccim.be/ccim328/html/fpxpress/PORT2.gif]
[www.ccim.be/ccim328/html/composer/IMAGE1.gif]
[www.ccim.be/ccim328/html/composer/IMAGE.gif]
[www.ccim.be/ccim328/html/dreamweaver/Image3.gif]
[www.ccim.be/ccim328/html/dreamweaver/IMG.gif]
[www.ccim.be/ccim328/html/dreamweaver/IMG1.gif]
[www.ccim.be/ccim328/html/dreamweaver/BARIMG.gif]
[www.ccim.be/ccim328/html/dreamweaver/BG.gif]
[www.ccim.be/ccim328/html/dreamweaver/BG1.gif]
[www.ccim.be/ccim328/html/dreamweaver/SOURCE.gif]
[www.ccim.be/ccim328/html/dreamweaver/SOURCE2.gif]
[www.ccim.be/ccim328/html/fp2000/IMAGE1.gif]
[www.ccim.be/ccim328/html/fp2000/IMG.gif]
[www.ccim.be/ccim328/html/fp2000/IMG4.gif]
[www.ccim.be/ccim328/html/fp2000/IMG5.gif]
[www.ccim.be/ccim328/html/fp2000/IMG3.gif]
[www.ccim.be/ccim328/html/fp2000/BG.gif]
[www.ccim.be/ccim328/html/fp2000/IMGBG.gif]
[www.ccim.be/ccim328/html/fp2000/SOURCE.gif]
[www.ccim.be/ccim328/html/webexpert/Image3.gif]
[www.ccim.be/ccim328/html/webexpert/IMG.gif]
[www.ccim.be/ccim328/html/webexpert/IMG1.gif]
[www.ccim.be/ccim328/html/webexpert/IMG2.gif]
[www.ccim.be/ccim328/html/webexpert/BG.gif]
[www.ccim.be/ccim328/html/webexpert/BGIMG.gif]
[www.ccim.be/ccim328/html/webexpert/SPECIAL.gif]
[www.ccim.be/ccim328/html/golive/Image3.gif]
[www.ccim.be/ccim328/html/golive/IMG.gif]
[www.ccim.be/ccim328/html/golive/IMG2.gif]
[www.ccim.be/ccim328/html/golive/IMG3.gif]
[www.ccim.be/ccim328/html/golive/IMG4.gif]
[www.ccim.be/ccim328/html/golive/BG.gif]
[www.ccim.be/ccim328/html/golive/BG1.gif]
[www.ccim.be/ccim328/html/golive/BG2.gif]
[www.ccim.be/ccim328/html/golive/SOURCE.gif]
[www.ccim.be/ccim328/html/golive/FRAMES.gif]
[www.ccim.be/ccim328/html/golive/PAL4.gif]
[www.ccim.be/ccim328/html/golive/PAL6.gif]
[www.ccim.be/ccim328/html/golive/PAL7.gif]
[www.ccim.be/ccim328/html/namo/Image3.gif]
[www.ccim.be/ccim328/html/namo/BG.gif]
[www.ccim.be/ccim328/html/fpxpress/Image3.gif]
[www.ccim.be/ccim328/html/fpxpress/Image1.gif]
[www.ccim.be/ccim328/html/fpxpress/Image2.gif]
[www.ccim.be/ccim328/html/fpxpress/Image4.gif]
